Component: ARM Compiler 5.06 update 6 (build 750) Tool: armlink [4d35ed]

==============================================================================

Section Cross References

    main.o(.text) refers to misc.o(.text) for NVIC_PriorityGroupConfig
    main.o(.text) refers to delay.o(.text) for delay_init
    main.o(.text) refers to usart.o(.text) for uart_init
    main.o(.text) refers to ps2.o(.text) for PS2_Init
    main.o(.text) refers to bluetooth_ctr.o(.text) for Bluetooth_Ctr_Init
    main.o(.text) refers to car_control.o(.text) for TIM3_PWM_Init
    main.o(.text) refers to obstacle_avoid.o(.text) for TIM4_PWM_Init
    main.o(.text) refers to led.o(.text) for LED_Init
    main.o(.text) refers to lcd.o(.text) for LCD_Init
    main.o(.text) refers to stm32f4xx_tim.o(.text) for TIM_SetCompare1
    system_stm32f4xx.o(.text) refers to system_stm32f4xx.o(.data) for SystemCoreClock
    car_control.o(.text) refers to _printf_percent.o(.ARM.Collect$$_printf_percent$$00000000) for _printf_percent
    car_control.o(.text) refers to _printf_d.o(.ARM.Collect$$_printf_percent$$00000009) for _printf_d
    car_control.o(.text) refers to _printf_dec.o(.text) for _printf_int_dec
    car_control.o(.text) refers to _printf_pad.o(.text) for _printf_pre_padding
    car_control.o(.text) refers to stm32f4xx_rcc.o(.text) for RCC_AHB1PeriphClockCmd
    car_control.o(.text) refers to stm32f4xx_gpio.o(.text) for GPIO_Init
    car_control.o(.text) refers to stm32f4xx_tim.o(.text) for TIM_TimeBaseInit
    car_control.o(.text) refers to trace.o(.text) for Trace_Init
    car_control.o(.text) refers to obstacle_avoid.o(.text) for HCSR04_Init
    car_control.o(.text) refers to remote_ctr.o(.text) for Remote_Ctr
    car_control.o(.text) refers to bluetooth_ctr.o(.text) for Bluetooth_Ctr
    car_control.o(.text) refers to ps2.o(.text) for PS2_DataKey
    car_control.o(.text) refers to noretval__2printf.o(.text) for __2printf
    car_control.o(.text) refers to delay.o(.text) for delay_ms
    car_control.o(.text) refers to stm32f4xx_usart.o(.text) for USART_SendData
    car_control.o(.text) refers to car_control.o(.data) for key1
    car_control.o(.text) refers to ps2.o(.bss) for Data
    car_control.o(.text) refers to usart.o(.data) for USART_RX_STA
    car_control.o(.text) refers to usart.o(.bss) for USART_RX_BUF
    led.o(.text) refers to stm32f4xx_rcc.o(.text) for RCC_AHB1PeriphClockCmd
    led.o(.text) refers to stm32f4xx_gpio.o(.text) for GPIO_Init
    obstacle_avoid.o(.text) refers to _printf_pad.o(.text) for _printf_pre_padding
    obstacle_avoid.o(.text) refers to _printf_percent.o(.ARM.Collect$$_printf_percent$$00000000) for _printf_percent
    obstacle_avoid.o(.text) refers to _printf_d.o(.ARM.Collect$$_printf_percent$$00000009) for _printf_d
    obstacle_avoid.o(.text) refers to _printf_dec.o(.text) for _printf_int_dec
    obstacle_avoid.o(.text) refers to stm32f4xx_rcc.o(.text) for RCC_AHB1PeriphClockCmd
    obstacle_avoid.o(.text) refers to stm32f4xx_gpio.o(.text) for GPIO_PinAFConfig
    obstacle_avoid.o(.text) refers to stm32f4xx_tim.o(.text) for TIM_TimeBaseInit
    obstacle_avoid.o(.text) refers to stm32f4xx_syscfg.o(.text) for SYSCFG_EXTILineConfig
    obstacle_avoid.o(.text) refers to stm32f4xx_exti.o(.text) for EXTI_ClearITPendingBit
    obstacle_avoid.o(.text) refers to misc.o(.text) for NVIC_Init
    obstacle_avoid.o(.text) refers to delay.o(.text) for delay_us_unpre
    obstacle_avoid.o(.text) refers to f2d.o(x$fpl$f2d) for __aeabi_f2d
    obstacle_avoid.o(.text) refers to ddiv.o(x$fpl$ddiv) for __aeabi_ddiv
    obstacle_avoid.o(.text) refers to d2f.o(x$fpl$d2f) for __aeabi_d2f
    obstacle_avoid.o(.text) refers to noretval__2sprintf.o(.text) for __2sprintf
    obstacle_avoid.o(.text) refers to lcd.o(.text) for LCD_ShowString
    obstacle_avoid.o(.text) refers to car_control.o(.text) for reverse
    obstacle_avoid.o(.text) refers to obstacle_avoid.o(.data) for UltrasonicWave_Distance
    obstacle_avoid.o(.text) refers to main.o(.data) for GEAR
    trace.o(.text) refers to stm32f4xx_rcc.o(.text) for RCC_AHB1PeriphClockCmd
    trace.o(.text) refers to stm32f4xx_gpio.o(.text) for GPIO_Init
    trace.o(.text) refers to delay.o(.text) for delay_ms
    trace.o(.text) refers to car_control.o(.text) for left_move_2
    trace.o(.text) refers to trace.o(.data) for trace_up
    trace.o(.text) refers to main.o(.data) for GEAR
    remote_ctr.o(.text) refers to ps2.o(.text) for PS2_AnologData
    remote_ctr.o(.text) refers to dflt_clz.o(x$fpl$dflt) for __aeabi_i2d
    remote_ctr.o(.text) refers to dmul.o(x$fpl$dmul) for __aeabi_dmul
    remote_ctr.o(.text) refers to dfix.o(x$fpl$dfix) for __aeabi_d2iz
    remote_ctr.o(.text) refers to car_control.o(.text) for drive_pulse
    remote_ctr.o(.text) refers to daddsub_clz.o(x$fpl$drsb) for __aeabi_drsub
    remote_ctr.o(.text) refers to remote_ctr.o(.data) for pss_data
    bluetooth_ctr.o(.text) refers to stm32f4xx_rcc.o(.text) for RCC_AHB1PeriphClockCmd
[...]
    .ARM.Collect$$libinit$$00000033          0x08000212   Section        2  libinit2.o(.ARM.Collect$$libinit$$00000033)
    .ARM.Collect$$libshutdown$$00000000      0x08000214   Section        2  libshutdown.o(.ARM.Collect$$libshutdown$$00000000)
    .ARM.Collect$$libshutdown$$00000002      0x08000216   Section        0  libshutdown2.o(.ARM.Collect$$libshutdown$$00000002)
    .ARM.Collect$$libshutdown$$00000004      0x08000216   Section        0  libshutdown2.o(.ARM.Collect$$libshutdown$$00000004)
    .ARM.Collect$$libshutdown$$00000007      0x08000216   Section        0  libshutdown2.o(.ARM.Collect$$libshutdown$$00000007)
    .ARM.Collect$$libshutdown$$0000000A      0x08000216   Section        0  libshutdown2.o(.ARM.Collect$$libshutdown$$0000000A)
    .ARM.Collect$$libshutdown$$0000000C      0x08000216   Section        0  libshutdown2.o(.ARM.Collect$$libshutdown$$0000000C)
    .ARM.Collect$$libshutdown$$0000000F      0x08000216   Section        0  libshutdown2.o(.ARM.Collect$$libshutdown$$0000000F)
    .ARM.Collect$$libshutdown$$00000010      0x08000216   Section        2  libshutdown2.o(.ARM.Collect$$libshutdown$$00000010)
    .ARM.Collect$$rtentry$$00000000          0x08000218   Section        0  __rtentry.o(.ARM.Collect$$rtentry$$00000000)
    .ARM.Collect$$rtentry$$00000002          0x08000218   Section        0  __rtentry2.o(.ARM.Collect$$rtentry$$00000002)
    .ARM.Collect$$rtentry$$00000004          0x08000218   Section        6  __rtentry4.o(.ARM.Collect$$rtentry$$00000004)
    .ARM.Collect$$rtentry$$00000009          0x0800021e   Section        0  __rtentry2.o(.ARM.Collect$$rtentry$$00000009)
    .ARM.Collect$$rtentry$$0000000A          0x0800021e   Section        4  __rtentry2.o(.ARM.Collect$$rtentry$$0000000A)
    .ARM.Collect$$rtentry$$0000000C          0x08000222   Section        0  __rtentry2.o(.ARM.Collect$$rtentry$$0000000C)
    .ARM.Collect$$rtentry$$0000000D          0x08000222   Section        8  __rtentry2.o(.ARM.Collect$$rtentry$$0000000D)
    .ARM.Collect$$rtexit$$00000000           0x0800022a   Section        2  rtexit.o(.ARM.Collect$$rtexit$$00000000)
    .ARM.Collect$$rtexit$$00000002           0x0800022c   Section        0  rtexit2.o(.ARM.Collect$$rtexit$$00000002)
    .ARM.Collect$$rtexit$$00000003           0x0800022c   Section        4  rtexit2.o(.ARM.Collect$$rtexit$$00000003)
    .ARM.Collect$$rtexit$$00000004           0x08000230   Section        6  rtexit2.o(.ARM.Collect$$rtexit$$00000004)
    .text                                    0x08000238   Section        0  main.o(.text)
    .text                                    0x08000298   Section        0  stm32f4xx_it.o(.text)
    .text                                    0x080002b4   Section        0  system_stm32f4xx.o(.text)
    SetSysClock                              0x080002b5   Thumb Code   220  system_stm32f4xx.o(.text)
    .text                                    0x080004c4   Section        0  car_control.o(.text)
    .text                                    0x08000e04   Section        0  led.o(.text)
    .text                                    0x08000e44   Section        0  obstacle_avoid.o(.text)
    .text                                    0x08001264   Section        0  trace.o(.text)
    .text                                    0x0800144c   Section        0  remote_ctr.o(.text)
    .text                                    0x0800163c   Section        0  bluetooth_ctr.o(.text)
    .text                                    0x08001824   Section        0  lcd.o(.text)
    .text                                    0x080064a4   Section        0  ps2.o(.text)
    .text                                    0x080068bc   Section        0  delay.o(.text)
    .text                                    0x08006a74   Section        0  usart.o(.text)
    .text                                    0x08006bbc   Section       64  startup_stm32f40_41xxx.o(.text)
    $v0                                      0x08006bbc   Number         0  startup_stm32f40_41xxx.o(.text)
    .text                                    0x08006bfc   Section        0  misc.o(.text)
    .text                                    0x08006cdc   Section        0  stm32f4xx_gpio.o(.text)
    .text                                    0x08006f70   Section        0  stm32f4xx_usart.o(.text)
    .text                                    0x080073c4   Section        0  stm32f4xx_tim.o(.text)
    TI4_Config                               0x08007b63   Thumb Code    80  stm32f4xx_tim.o(.text)
    TI3_Config                               0x08007bc5   Thumb Code    72  stm32f4xx_tim.o(.text)
    TI2_Config                               0x08007c27   Thumb Code    90  stm32f4xx_tim.o(.text)
    TI1_Config                               0x08007c93   Thumb Code    58  stm32f4xx_tim.o(.text)
    .text                                    0x08008068   Section        0  stm32f4xx_syscfg.o(.text)
    .text                                    0x080080fc   Section        0  stm32f4xx_rcc.o(.text)
    .text                                    0x08008758   Section        0  stm32f4xx_exti.o(.text)
    .text                                    0x08008868   Section        0  stm32f4xx_fsmc.o(.text)
    .text                                    0x08008e30   Section        2  use_no_semi_2.o(.text)
    .text                                    0x08008e34   Section        0  noretval__2printf.o(.text)
    .text                                    0x08008e4c   Section        0  noretval__2sprintf.o(.text)
    .text                                    0x08008e74   Section        0  _printf_pad.o(.text)
    .text                                    0x08008ec4   Section        0  _printf_dec.o(.text)
    .text                                    0x08008f3c   Section        0  _printf_hex_int.o(.text)
    .text                                    0x08008f94   Section        0  __printf_wp.o(.text)
    .text                                    0x080090a2   Section        0  heapauxi.o(.text)
    .text                                    0x080090a8   Section        2  use_no_semi.o(.text)
    .text                                    0x080090aa   Section        0  _printf_intcommon.o(.text)
    .text                                    0x0800915c   Section        0  _printf_char_common.o(.text)
    _printf_input_char                       0x0800915d   Thumb Code    10  _printf_char_common.o(.text)
    .text                                    0x0800918c   Section        0  _sputc.o(.text)
    .text                                    0x08009198   Section        0  _printf_char_file.o(.text)
    .text                                    0x080091bc   Section        0  ferror.o(.text)
    .text                                    0x080091c4   Section       74  sys_stackheap_outer.o(.text)
    .text                                    0x0800920e   Section        0  exit.o(.text)
    .text                                    0x08009220   Section        8  libspace.o(.text)
    i._is_digit                              0x08009228   Section        0  __printf_wp.o(i._is_digit)
    x$fpl$d2f                                0x08009238   Section       98  d2f.o(x$fpl$d2f)
    $v0                                      0x08009238   Number         0  d2f.o(x$fpl$d2f)
    x$fpl$dadd                               0x0800929c   Section      336  daddsub_clz.o(x$fpl$dadd)
    $v0                                      0x0800929c   Number         0  daddsub_clz.o(x$fpl$dadd)
    _dadd1                                   0x080092ad   Thumb Code     0  daddsub_clz.o(x$fpl$dadd)
    x$fpl$ddiv                               0x080093ec   Section      688  ddiv.o(x$fpl$ddiv)
    $v0                                      0x080093ec   Number         0  ddiv.o(x$fpl$ddiv)
    ddiv_entry                               0x080093f3   Thumb Code     0  ddiv.o(x$fpl$ddiv)
    x$fpl$dfix                               0x0800969c   Section       94  dfix.o(x$fpl$dfix)
    $v0                                      0x0800969c   Number         0  dfix.o(x$fpl$dfix)
    x$fpl$dfixu                              0x080096fc   Section       90  dfixu.o(x$fpl$dfixu)
    $v0                                      0x080096fc   Number         0  dfixu.o(x$fpl$dfixu)
    x$fpl$dflt                               0x08009756   Section       46  dflt_clz.o(x$fpl$dflt)
    $v0                                      0x08009756   Number         0  dflt_clz.o(x$fpl$dflt)
    x$fpl$dfltu                              0x08009784   Section       38  dflt_clz.o(x$fpl$dfltu)
    $v0                                      0x08009784   Number         0  dflt_clz.o(x$fpl$dfltu)
    x$fpl$dmul                               0x080097ac   Section      340  dmul.o(x$fpl$dmul)
    $v0                                      0x080097ac   Number         0  dmul.o(x$fpl$dmul)
    x$fpl$dnaninf                            0x08009900   Section      156  dnaninf.o(x$fpl$dnaninf)
    $v0                                      0x08009900   Number         0  dnaninf.o(x$fpl$dnaninf)
    x$fpl$dretinf                            0x0800999c   Section       12  dretinf.o(x$fpl$dretinf)
    $v0                                      0x0800999c   Number         0  dretinf.o(x$fpl$dretinf)
    x$fpl$drsb                               0x080099a8   Section       22  daddsub_clz.o(x$fpl$drsb)
    $v0                                      0x080099a8   Number         0  daddsub_clz.o(x$fpl$drsb)
    x$fpl$dsub                               0x080099c0   Section      468  daddsub_clz.o(x$fpl$dsub)
    $v0                                      0x080099c0   Number         0  daddsub_clz.o(x$fpl$dsub)
    _dsub1                                   0x080099d1   Thumb Code     0  daddsub_clz.o(x$fpl$dsub)
    x$fpl$f2d                                0x08009b94   Section       86  f2d.o(x$fpl$f2d)
    $v0                                      0x08009b94   Number         0  f2d.o(x$fpl$f2d)
    x$fpl$fnaninf                            0x08009bea   Section      140  fnaninf.o(x$fpl$fnaninf)
    $v0                                      0x08009bea   Number         0  fnaninf.o(x$fpl$fnaninf)
    x$fpl$fpinit                             0x08009c76   Section       10  fpinit.o(x$fpl$fpinit)
    $v0                                      0x08009c76   Number         0  fpinit.o(x$fpl$fpinit)
    x$fpl$fretinf                            0x08009c80   Section       10  fretinf.o(x$fpl$fretinf)
    $v0                                      0x08009c80   Number         0  fretinf.o(x$fpl$fretinf)
    .constdata                               0x08009c8a   Section     6080  lcd.o(.constdata)
    x$fpl$usenofp                            0x08009c8a   Section        0  usenofp.o(x$fpl$usenofp)
    .constdata                               0x0800b44c   Section       28  stm32f4xx_fsmc.o(.constdata)
    .constdata                               0x0800b468   Section       40  _printf_hex_int.o(.constdata)
    uc_hextab                                0x0800b468   Data          20  _printf_hex_int.o(.constdata)
    lc_hextab                                0x0800b47c   Data          20  _printf_hex_int.o(.constdata)
    .data                                    0x20000000   Section        2  main.o(.data)
    .data                                    0x20000004   Section       20  system_stm32f4xx.o(.data)
    .data                                    0x20000018   Section        8  car_control.o(.data)
    Start_flag                               0x20000018   Data           4  car_control.o(.data)
    key1                                     0x2000001c   Data           1  car_control.o(.data)
    mode1                                    0x2000001d   Data           1  car_control.o(.data)
    key2                                     0x2000001e   Data           1  car_control.o(.data)
    mode2                                    0x2000001f   Data           1  car_control.o(.data)
    .data                                    0x20000020   Section        4  obstacle_avoid.o(.data)
    .data                                    0x20000024   Section        1  trace.o(.data)
    trace_up                                 0x20000024   Data           1  trace.o(.data)
    .data                                    0x20000028   Section       16  remote_ctr.o(.data)
    pss_data                                 0x20000028   Data           8  remote_ctr.o(.data)
    pulse_run                                0x20000030   Data           4  remote_ctr.o(.data)
    turn_rate                                0x20000034   Data           4  remote_ctr.o(.data)
    .data                                    0x20000038   Section        4  lcd.o(.data)
    .data                                    0x2000003c   Section       36  ps2.o(.data)
    .data                                    0x20000060   Section        4  delay.o(.data)
    fac_us                                   0x20000060   Data           1  delay.o(.data)
    fac_ms                                   0x20000062   Data           2  delay.o(.data)
    .data                                    0x20000064   Section        6  usart.o(.data)
    .data                                    0x2000006a   Section       16  stm32f4xx_rcc.o(.data)
    APBAHBPrescTable                         0x2000006a   Data          16  stm32f4xx_rcc.o(.data)
    .bss                                     0x2000007c   Section       14  lcd.o(.bss)
    .bss                                     0x2000008a   Section        9  ps2.o(.bss)
    .bss                                     0x20000093   Section      200  usart.o(.bss)
    .bss                                     0x2000015c   Section       96  libspace.o(.bss)
    HEAP                                     0x200001c0   Section      512  startup_stm32f40_41xxx.o(HEAP)
    Heap_Mem                                 0x200001c0   Data         512  startup_stm32f40_41xxx.o(HEAP)
    STACK                                    0x200003c0   Section     1024  startup_stm32f40_41xxx.o(STACK)
    Stack_Mem                                0x200003c0   Data        1024  startup_stm32f40_41xxx.o(STACK)
    __initial_sp                             0x200007c0   Data           0  startup_stm32f40_41xxx.o(STACK)

    Global Symbols

    Symbol Name                              Value     Ov Type        Size  Object(Section)

    BuildAttributes$$THM_ISAv4$E$P$D$K$B$S$7EM$VFPi3$EXTD16$VFPS$VFMA$PE$A:L22UL41UL21$X:L11$S22US41US21$IEEE1$IW$USESV6$~STKCKD$USESV7$~SHL$OSPACE$ROPI$EBA8$UX$STANDARDLIB$REQ8$PRES8$EABIv2 0x00000000   Number         0  anon$$obj.o ABSOLUTE
    __ARM_use_no_argv                        0x00000000   Number         0  main.o ABSOLUTE
    _printf_flags                            0x00000000   Number         0  printf_stubs.o ABSOLUTE
    _printf_return_value                     0x00000000   Number         0  printf_stubs.o ABSOLUTE
    _printf_sizespec                         0x00000000   Number         0  printf_stubs.o ABSOLUTE
    _printf_widthprec                        0x00000000   Number         0  printf_stubs.o ABSOLUTE
    __ARM_exceptions_init                     - Undefined Weak Reference
    __alloca_initialize                       - Undefined Weak Reference
    __arm_preinit_                            - Undefined Weak Reference
    __cpp_initialize__aeabi_                  - Undefined Weak Reference
    __cxa_finalize                            - Undefined Weak Reference
    __rt_locale                               - Undefined Weak Reference
    __sigvec_lookup                           - Undefined Weak Reference
    _atexit_init                              - Undefined Weak Reference
    _call_atexit_fns                          - Undefined Weak Reference
    _clock_init                               - Undefined Weak Reference
    _fp_trap_init                             - Undefined Weak Reference
    _fp_trap_shutdown                         - Undefined Weak Reference
    _get_lc_collate                           - Undefined Weak Reference
    _get_lc_ctype                             - Undefined Weak Reference
    _get_lc_monetary                          - Undefined Weak Reference
    _get_lc_numeric                           - Undefined Weak Reference
    _get_lc_time                              - Undefined Weak Reference
    _getenv_init                              - Undefined Weak Reference
    _handle_redirection                       - Undefined Weak Reference
    _init_alloc                               - Undefined Weak Reference
    _init_user_alloc                          - Undefined Weak Reference
    _initio                                   - Undefined Weak Reference
    _mutex_acquire                            - Undefined Weak Reference
    _mutex_release                            - Undefined Weak Reference
    _printf_truncate_signed                   - Undefined Weak Reference
    _printf_truncate_unsigned                 - Undefined Weak Reference
    _rand_init                                - Undefined Weak Reference
    _signal_finish                            - Undefined Weak Reference
    _signal_init                              - Undefined Weak Reference
    _terminate_alloc                          - Undefined Weak Reference
    _terminate_user_alloc                     - Undefined Weak Reference
    _terminateio                              - Undefined Weak Reference
    __Vectors_Size                           0x00000188   Number         0  startup_stm32f40_41xxx.o ABSOLUTE
    __Vectors                                0x08000000   Data           4  startup_stm32f40_41xxx.o(RESET)
    __Vectors_End                            0x08000188   Data           0  startup_stm32f40_41xxx.o(RESET)
    __main                                   0x08000189   Thumb Code     8  __main.o(!!!main)
    __scatterload                            0x08000191   Thumb Code     0  __scatter.o(!!!scatter)
    __scatterload_rt2                        0x08000191   Thumb Code    44  __scatter.o(!!!scatter)
    __scatterload_rt2_thumb_only             0x08000191   Thumb Code     0  __scatter.o(!!!scatter)
    __scatterload_null                       0x0800019f   Thumb Code     0  __scatter.o(!!!scatter)
    __scatterload_copy                       0x080001c5   Thumb Code    26  __scatter_copy.o(!!handler_copy)
    __scatterload_zeroinit                   0x080001e1   Thumb Code    28  __scatter_zi.o(!!handler_zi)
    _printf_d                                0x080001fd   Thumb Code     0  _printf_d.o(.ARM.Collect$$_printf_percent$$00000009)
    _printf_percent                          0x080001fd   Thumb Code     0  _printf_percent.o(.ARM.Collect$$_printf_percent$$00000000)
    _printf_x                                0x08000203   Thumb Code     0  _printf_x.o(.ARM.Collect$$_printf_percent$$0000000C)
    _printf_percent_end                      0x08000209   Thumb Code     0  _printf_percent_end.o(.ARM.Collect$$_printf_percent$$00000017)
    __rt_lib_init                            0x0800020d   Thumb Code     0  libinit.o(.ARM.Collect$$libinit$$00000000)
    __rt_lib_init_fp_1                       0x0800020f   Thumb Code     0  libinit2.o(.ARM.Collect$$libinit$$00000001)
    __rt_lib_init_alloca_1                   0x08000213   Thumb Code     0  libinit2.o(.ARM.Collect$$libinit$$0000002E)
    __rt_lib_init_argv_1                     0x08000213   Thumb Code     0  libinit2.o(.ARM.Collect$$libinit$$0000002C)
    __rt_lib_init_atexit_1                   0x08000213   Thumb Code     0  libinit2.o(.ARM.Collect$$libinit$$0000001B)
    __rt_lib_init_clock_1                    0x08000213   Thumb Code     0  libinit2.o(.ARM.Collect$$libinit$$00000021)
    __rt_lib_init_cpp_1                      0x08000213   Thumb Code     0  libinit2.o(.ARM.Collect$$libinit$$00000032)
    __rt_lib_init_exceptions_1               0x08000213   Thumb Code     0  libinit2.o(.ARM.Collect$$libinit$$00000030)
    __rt_lib_init_fp_trap_1                  0x08000213   Thumb Code     0  libinit2.o(.ARM.Collect$$libinit$$0000001F)
    __rt_lib_init_getenv_1                   0x08000213   Thumb Code     0  libinit2.o(.ARM.Collect$$libinit$$00000023)
    __rt_lib_init_heap_1                     0x08000213   Thumb Code     0  libinit2.o(.ARM.Collect$$libinit$$0000000A)
    __rt_lib_init_lc_collate_1               0x08000213   Thumb Code     0  libinit2.o(.ARM.Collect$$libinit$$00000011)
    __rt_lib_init_lc_ctype_1                 0x08000213   Thumb Code     0  libinit2.o(.ARM.Collect$$libinit$$00000013)
    __rt_lib_init_lc_monetary_1              0x08000213   Thumb Code     0  libinit2.o(.ARM.Collect$$libinit$$00000015)
    __rt_lib_init_lc_numeric_1               0x08000213   Thumb Code     0  libinit2.o(.ARM.Collect$$libinit$$00000017)
    __rt_lib_init_lc_time_1                  0x08000213   Thumb Code     0  libinit2.o(.ARM.Collect$$libinit$$00000019)
    __rt_lib_init_preinit_1                  0x08000213   Thumb Code     0  libinit2.o(.ARM.Collect$$libinit$$00000004)
    __rt_lib_init_rand_1                     0x08000213   Thumb Code     0  libinit2.o(.ARM.Collect$$libinit$$0000000E)
    __rt_lib_init_return                     0x08000213   Thumb Code     0  libinit2.o(.ARM.Collect$$libinit$$00000033)
    __rt_lib_init_signal_1                   0x08000213   Thumb Code     0  libinit2.o(.ARM.Collect$$libinit$$0000001D)
    __rt_lib_init_stdio_1                    0x08000213   Thumb Code     0  libinit2.o(.ARM.Collect$$libinit$$00000025)
    __rt_lib_init_user_alloc_1               0x08000213   Thumb Code     0  libinit2.o(.ARM.Collect$$libinit$$0000000C)
    __rt_lib_shutdown                        0x08000215   Thumb Code     0  libshutdown.o(.ARM.Collect$$libshutdown$$00000000)
    __rt_lib_shutdown_cpp_1                  0x08000217   Thumb Code     0  libshutdown2.o(.ARM.Collect$$libshutdown$$00000002)
    __rt_lib_shutdown_fp_trap_1              0x08000217   Thumb Code     0  libshutdown2.o(.ARM.Collect$$libshutdown$$00000007)
    __rt_lib_shutdown_heap_1                 0x08000217   Thumb Code     0  libshutdown2.o(.ARM.Collect$$libshutdown$$0000000F)
    __rt_lib_shutdown_return                 0x08000217   Thumb Code     0  libshutdown2.o(.ARM.Collect$$libshutdown$$00000010)
    __rt_lib_shutdown_signal_1               0x08000217   Thumb Code     0  libshutdown2.o(.ARM.Collect$$libshutdown$$0000000A)
    __rt_lib_shutdown_stdio_1                0x08000217   Thumb Code     0  libshutdown2.o(.ARM.Collect$$libshutdown$$00000004)
    __rt_lib_shutdown_user_alloc_1           0x08000217   Thumb Code     0  libshutdown2.o(.ARM.Collect$$libshutdown$$0000000C)
    __rt_entry                               0x08000219   Thumb Code     0  __rtentry.o(.ARM.Collect$$rtentry$$00000000)
    __rt_entry_presh_1                       0x08000219   Thumb Code     0  __rtentry2.o(.ARM.Collect$$rtentry$$00000002)
    __rt_entry_sh                            0x08000219   Thumb Code     0  __rtentry4.o(.ARM.Collect$$rtentry$$00000004)
    __rt_entry_li                            0x0800021f   Thumb Code     0  __rtentry2.o(.ARM.Collect$$rtentry$$0000000A)
    __rt_entry_postsh_1                      0x0800021f   Thumb Code     0  __rtentry2.o(.ARM.Collect$$rtentry$$00000009)
    __rt_entry_main                          0x08000223   Thumb Code     0  __rtentry2.o(.ARM.Collect$$rtentry$$0000000D)
    __rt_entry_postli_1                      0x08000223   Thumb Code     0  __rtentry2.o(.ARM.Collect$$rtentry$$0000000C)
    __rt_exit                                0x0800022b   Thumb Code     0  rtexit.o(.ARM.Collect$$rtexit$$00000000)
    __rt_exit_ls                             0x0800022d   Thumb Code     0  rtexit2.o(.ARM.Collect$$rtexit$$00000003)
    __rt_exit_prels_1                        0x0800022d   Thumb Code     0  rtexit2.o(.ARM.Collect$$rtexit$$00000002)
    __rt_exit_exit                           0x08000231   Thumb Code     0  rtexit2.o(.ARM.Collect$$rtexit$$00000004)
    main                                     0x08000239   Thumb Code    92  main.o(.text)
    NMI_Handler                              0x08000299   Thumb Code     2  stm32f4xx_it.o(.text)
    HardFault_Handler                        0x0800029b   Thumb Code     4  stm32f4xx_it.o(.text)
    MemManage_Handler                        0x0800029f   Thumb Code     4  stm32f4xx_it.o(.text)
    BusFault_Handler                         0x080002a3   Thumb Code     4  stm32f4xx_it.o(.text)
    UsageFault_Handler                       0x080002a7   Thumb Code     4  stm32f4xx_it.o(.text)
    SVC_Handler                              0x080002ab   Thumb Code     2  stm32f4xx_it.o(.text)
    DebugMon_Handler                         0x080002ad   Thumb Code     2  stm32f4xx_it.o(.text)
    PendSV_Handler                           0x080002af   Thumb Code     2  stm32f4xx_it.o(.text)
    SysTick_Handler                          0x080002b1   Thumb Code     2  stm32f4xx_it.o(.text)
    SystemInit                               0x08000391   Thumb Code    88  system_stm32f4xx.o(.text)
    SystemCoreClockUpdate                    0x080003e9   Thumb Code   174  system_stm32f4xx.o(.text)
    CAR_Init                                 0x080004c5   Thumb Code   112  car_control.o(.text)
    TIM3_PWM_Init                            0x08000535   Thumb Code   270  car_control.o(.text)
    gear_trans                               0x08000643   Thumb Code    50  car_control.o(.text)
    drive                                    0x08000675   Thumb Code   116  car_control.o(.text)
    reverse                                  0x080006e9   Thumb Code   116  car_control.o(.text)
    stop                                     0x0800075d   Thumb Code    74  car_control.o(.text)
    left_move                                0x080007a7   Thumb Code   120  car_control.o(.text)
    right_move                               0x0800081f   Thumb Code   120  car_control.o(.text)
    left_move_2                              0x08000897   Thumb Code   140  car_control.o(.text)
    right_move_2                             0x08000923   Thumb Code   116  car_control.o(.text)
    drive_pulse                              0x08000997   Thumb Code   108  car_control.o(.text)
    reverse_pulse                            0x08000a03   Thumb Code   108  car_control.o(.text)
    turn_pulse                               0x08000a6f   Thumb Code   110  car_control.o(.text)
    Mode_select                              0x08000add   Thumb Code    80  car_control.o(.text)
    Mode_run                                 0x08000b2d   Thumb Code    96  car_control.o(.text)
    Mode_Scan                                0x08000b8d   Thumb Code   598  car_control.o(.text)
    LED_Init                                 0x08000e05   Thumb Code    60  led.o(.text)
    TIM4_PWM_Init                            0x08000e45   Thumb Code   138  obstacle_avoid.o(.text)
    HCSR04_Init                              0x08000ecf   Thumb Code   320  obstacle_avoid.o(.text)
    HCSR04_StartMeasure                      0x0800100f   Thumb Code    26  obstacle_avoid.o(.text)
    HCSR04_GetDistance                       0x08001029   Thumb Code    62  obstacle_avoid.o(.text)
    TIM2_IRQHandler                          0x08001067   Thumb Code    22  obstacle_avoid.o(.text)
    TIM5_IRQHandler                          0x0800107d   Thumb Code    26  obstacle_avoid.o(.text)
    EXTI3_IRQHandler                         0x08001097   Thumb Code   142  obstacle_avoid.o(.text)
    Obstacle_avoid                           0x08001125   Thumb Code   272  obstacle_avoid.o(.text)
    Trace_Init                               0x08001265   Thumb Code    48  trace.o(.text)
    TRACE_Scan                               0x08001295   Thumb Code   192  trace.o(.text)
    TRACE_Implement                          0x08001355   Thumb Code   228  trace.o(.text)
    Remote_Ctr                               0x0800144d   Thumb Code   468  remote_ctr.o(.text)
    Bluetooth_Ctr_Init                       0x0800163d   Thumb Code   166  bluetooth_ctr.o(.text)
    USART2_IRQHandler                        0x080016e3   Thumb Code   122  bluetooth_ctr.o(.text)
    Bluetooth_Ctr                            0x0800175d   Thumb Code   172  bluetooth_ctr.o(.text)
    LCD_WR_REG                               0x08001825   Thumb Code    18  lcd.o(.text)
    LCD_WR_DATA                              0x08001837   Thumb Code    20  lcd.o(.text)
    LCD_RD_DATA                              0x0800184b   Thumb Code    16  lcd.o(.text)
    LCD_WriteReg                             0x0800185b   Thumb Code    14  lcd.o(.text)
    LCD_ReadReg                              0x08001869   Thumb Code    22  lcd.o(.text)
    LCD_WriteRAM_Prepare                     0x0800187f   Thumb Code    10  lcd.o(.text)
    LCD_WriteRAM                             0x08001889   Thumb Code     8  lcd.o(.text)
    LCD_BGR2RGB                              0x08001891   Thumb Code    26  lcd.o(.text)
    opt_delay                                0x080018ab   Thumb Code    14  lcd.o(.text)
    LCD_SetCursor                            0x080018b9   Thumb Code   418  lcd.o(.text)
    LCD_ReadPoint                            0x08001a5b   Thumb Code   360  lcd.o(.text)
    LCD_DisplayOn                            0x08001bc3   Thumb Code   102  lcd.o(.text)
    LCD_DisplayOff                           0x08001c29   Thumb Code    90  lcd.o(.text)
    LCD_Scan_Dir                             0x08001c83   Thumb Code   744  lcd.o(.text)
    LCD_DrawPoint                            0x08001f6b   Thumb Code    28  lcd.o(.text)
    LCD_Fast_DrawPoint                       0x08001f87   Thumb Code   388  lcd.o(.text)
    LCD_SSD_BackLightSet                     0x0800210b   Thumb Code    88  lcd.o(.text)
    LCD_Display_Dir                          0x08002163   Thumb Code   444  lcd.o(.text)
    LCD_Set_Window                           0x0800231f   Thumb Code   546  lcd.o(.text)
    LCD_Clear                                0x08002541   Thumb Code   100  lcd.o(.text)
    LCD_Init                                 0x080025a5   Thumb Code 14696  lcd.o(.text)
    LCD_Fill                                 0x08005f0d   Thumb Code   180  lcd.o(.text)
    LCD_Color_Fill                           0x08005fc1   Thumb Code   100  lcd.o(.text)
    LCD_DrawLine                             0x08006025   Thumb Code   176  lcd.o(.text)
    LCD_DrawRectangle                        0x080060d5   Thumb Code    60  lcd.o(.text)
    LCD_Draw_Circle                          0x08006111   Thumb Code   152  lcd.o(.text)
    LCD_ShowChar                             0x080061a9   Thumb Code   272  lcd.o(.text)
    LCD_Pow                                  0x080062b9   Thumb Code    22  lcd.o(.text)
    LCD_ShowNum                              0x080062cf   Thumb Code   148  lcd.o(.text)
    LCD_ShowxNum                             0x08006363   Thumb Code   220  lcd.o(.text)
    LCD_ShowString                           0x0800643f   Thumb Code   102  lcd.o(.text)
    PS2_Init                                 0x080064a5   Thumb Code    76  ps2.o(.text)
    PS2_Cmd                                  0x080064f1   Thumb Code   130  ps2.o(.text)
    PS2_RedLight                             0x08006573   Thumb Code    50  ps2.o(.text)
    PS2_ReadData                             0x080065a5   Thumb Code   168  ps2.o(.text)
    PS2_ClearData                            0x0800664d   Thumb Code    20  ps2.o(.text)
    PS2_DataKey                              0x08006661   Thumb Code    70  ps2.o(.text)
    PS2_AnologData                           0x080066a7   Thumb Code     8  ps2.o(.text)
    PS2_Vibration                            0x080066af   Thumb Code    90  ps2.o(.text)
    PS2_ShortPoll                            0x08006709   Thumb Code    62  ps2.o(.text)
    PS2_EnterConfing                         0x08006747   Thumb Code    86  ps2.o(.text)
    PS2_TurnOnAnalogMode                     0x0800679d   Thumb Code    80  ps2.o(.text)
    PS2_VibrationMode                        0x080067ed   Thumb Code    62  ps2.o(.text)
    PS2_ExitConfing                          0x0800682b   Thumb Code    86  ps2.o(.text)
    PS2_SetInit                              0x08006881   Thumb Code    32  ps2.o(.text)
    delay_init                               0x080068bd   Thumb Code    52  delay.o(.text)
    delay_us                                 0x080068f1   Thumb Code    72  delay.o(.text)
    delay_xms                                0x08006939   Thumb Code    72  delay.o(.text)
    delay_ms                                 0x08006981   Thumb Code    56  delay.o(.text)
    delay_us_unpre                           0x080069b9   Thumb Code   178  delay.o(.text)
    _sys_exit                                0x08006a75   Thumb Code     4  usart.o(.text)
    fputc                                    0x08006a79   Thumb Code    22  usart.o(.text)
    uart_init                                0x08006a8f   Thumb Code   164  usart.o(.text)
    USART1_IRQHandler                        0x08006b33   Thumb Code   122  usart.o(.text)
    Reset_Handler                            0x08006bbd   Thumb Code     8  startup_stm32f40_41xxx.o(.text)
    ADC_IRQHandler                           0x08006bd7   Thumb Code     0  startup_stm32f40_41xxx.o(.text)
    CAN1_RX0_IRQHandler                      0x08006bd7   Thumb Code     0  startup_stm32f40_41xxx.o(.text)
    CAN1_RX1_IRQHandler                      0x08006bd7   Thumb Code     0  startup_stm32f40_41xxx.o(.text)
    CAN1_SCE_IRQHandler                      0x08006bd7   Thumb Code     0  startup_stm32f40_41xxx.o(.text)
    CAN1_TX_IRQHandler                       0x08006bd7   Thumb Code     0  startup_stm32f40_41xxx.o(.text)
    CAN2_RX0_IRQHandler                      0x08006bd7   Thumb Code     0  startup_stm32f40_41xxx.o(.text)
    CAN2_RX1_IRQHandler                      0x08006bd7   Thumb Code     0  startup_stm32f40_41xxx.o(.text)
    CAN2_SCE_IRQHandler                      0x08006bd7   Thumb Code     0  startup_stm32f40_41xxx.o(.text)
    CAN2_TX_IRQHandler                       0x08006bd7   Thumb Code     0  startup_stm32f40_41xxx.o(.text)
    CRYP_IRQHandler                          0x08006bd7   Thumb Code     0  startup_stm32f40_41xxx.o(.text)
    DCMI_IRQHandler                          0x08006bd7   Thumb Code     0  startup_stm32f40_41xxx.o(.text)
    DMA1_Stream0_IRQHandler                  0x08006bd7   Thumb Code     0  startup_stm32f40_41xxx.o(.text)
    DMA1_Stream1_IRQHandler                  0x08006bd7   Thumb Code     0  startup_stm32f40_41xxx.o(.text)
    DMA1_Stream2_IRQHandler                  0x08006bd7   Thumb Code     0  startup_stm32f40_41xxx.o(.text)
    DMA1_Stream3_IRQHandler                  0x08006bd7   Thumb Code     0  startup_stm32f40_41xxx.o(.text)
    DMA1_Stream4_IRQHandler                  0x08006bd7   Thumb Code     0  startup_stm32f40_41xxx.o(.text)
    DMA1_Stream5_IRQHandler                  0x08006bd7   Thumb Code     0  startup_stm32f40_41xxx.o(.text)
    DMA1_Stream6_IRQHandler                  0x08006bd7   Thumb Code     0  startup_stm32f40_41xxx.o(.text)
    DMA1_Stream7_IRQHandler                  0x08006bd7   Thumb Code     0  startup_stm32f40_41xxx.o(.text)
    DMA2_Stream0_IRQHandler                  0x08006bd7   Thumb Code     0  startup_stm32f40_41xxx.o(.text)
    DMA2_Stream1_IRQHandler                  0x08006bd7   Thumb Code     0  startup_stm32f40_41xxx.o(.text)
    DMA2_Stream2_IRQHandler                  0x08006bd7   Thumb Code     0  startup_stm32f40_41xxx.o(.text)
    DMA2_Stream3_IRQHandler                  0x08006bd7   Thumb Code     0  startup_stm32f40_41xxx.o(.text)
    DMA2_Stream4_IRQHandler                  0x08006bd7   Thumb Code     0  startup_stm32f40_41xxx.o(.text)
    DMA2_Stream5_IRQHandler                  0x08006bd7   Thumb Code     0  startup_stm32f40_41xxx.o(.text)
    DMA2_Stream6_IRQHandler                  0x08006bd7   Thumb Code     0  startup_stm32f40_41xxx.o(.text)
    DMA2_Stream7_IRQHandler                  0x08006bd7   Thumb Code     0  startup_stm32f40_41xxx.o(.text)
    ETH_IRQHandler                           0x08006bd7   Thumb Code     0  startup_stm32f40_41xxx.o(.text)
    ETH_WKUP_IRQHandler                      0x08006bd7   Thumb Code     0  startup_stm32f40_41xxx.o(.text)
    EXTI0_IRQHandler                         0x08006bd7   Thumb Code     0  startup_stm32f40_41xxx.o(.text)
    EXTI15_10_IRQHandler                     0x08006bd7   Thumb Code     0  startup_stm32f40_41xxx.o(.text)
    EXTI1_IRQHandler                         0x08006bd7   Thumb Code     0  startup_stm32f40_41xxx.o(.text)
    EXTI2_IRQHandler                         0x08006bd7   Thumb Code     0  startup_stm32f40_41xxx.o(.text)
    EXTI4_IRQHandler                         0x08006bd7   Thumb Code     0  startup_stm32f40_41xxx.o(.text)
    EXTI9_5_IRQHandler                       0x08006bd7   Thumb Code     0  startup_stm32f40_41xxx.o(.text)
    FLASH_IRQHandler                         0x08006bd7   Thumb Code     0  startup_stm32f40_41xxx.o(.text)
    FPU_IRQHandler                           0x08006bd7   Thumb Code     0  startup_stm32f40_41xxx.o(.text)
    FSMC_IRQHandler                          0x08006bd7   Thumb Code     0  startup_stm32f40_41xxx.o(.text)
    HASH_RNG_IRQHandler                      0x08006bd7   Thumb Code     0  startup_stm32f40_41xxx.o(.text)
    I2C1_ER_IRQHandler                       0x08006bd7   Thumb Code     0  startup_stm32f40_41xxx.o(.text)
    I2C1_EV_IRQHandler                       0x08006bd7   Thumb Code     0  startup_stm32f40_41xxx.o(.text)
    I2C2_ER_IRQHandler                       0x08006bd7   Thumb Code     0  startup_stm32f40_41xxx.o(.text)
    I2C2_EV_IRQHandler                       0x08006bd7   Thumb Code     0  startup_stm32f40_41xxx.o(.text)
    I2C3_ER_IRQHandler                       0x08006bd7   Thumb Code     0  startup_stm32f40_41xxx.o(.text)
    I2C3_EV_IRQHandler                       0x08006bd7   Thumb Code     0  startup_stm32f40_41xxx.o(.text)
    OTG_FS_IRQHandler                        0x08006bd7   Thumb Code     0  startup_stm32f40_41xxx.o(.text)
    OTG_FS_WKUP_IRQHandler                   0x08006bd7   Thumb Code     0  startup_stm32f40_41xxx.o(.text)
    OTG_HS_EP1_IN_IRQHandler                 0x08006bd7   Thumb Code     0  startup_stm32f40_41xxx.o(.text)
    OTG_HS_EP1_OUT_IRQHandler                0x08006bd7   Thumb Code     0  startup_stm32f40_41xxx.o(.text)
    OTG_HS_IRQHandler                        0x08006bd7   Thumb Code     0  startup_stm32f40_41xxx.o(.text)
    OTG_HS_WKUP_IRQHandler                   0x08006bd7   Thumb Code     0  startup_stm32f40_41xxx.o(.text)
    PVD_IRQHandler                           0x08006bd7   Thumb Code     0  startup_stm32f40_41xxx.o(.text)
    RCC_IRQHandler                           0x08006bd7   Thumb Code     0  startup_stm32f40_41xxx.o(.text)
    RTC_Alarm_IRQHandler                     0x08006bd7   Thumb Code     0  startup_stm32f40_41xxx.o(.text)
    RTC_WKUP_IRQHandler                      0x08006bd7   Thumb Code     0  startup_stm32f40_41xxx.o(.text)
    SDIO_IRQHandler                          0x08006bd7   Thumb Code     0  startup_stm32f40_41xxx.o(.text)
    SPI1_IRQHandler                          0x08006bd7   Thumb Code     0  startup_stm32f40_41xxx.o(.text)
    SPI2_IRQHandler                          0x08006bd7   Thumb Code     0  startup_stm32f40_41xxx.o(.text)
    SPI3_IRQHandler                          0x08006bd7   Thumb Code     0  startup_stm32f40_41xxx.o(.text)
    TAMP_STAMP_IRQHandler                    0x08006bd7   Thumb Code     0  startup_stm32f40_41xxx.o(.text)
    TIM1_BRK_TIM9_IRQHandler                 0x08006bd7   Thumb Code     0  startup_stm32f40_41xxx.o(.text)
    TIM1_CC_IRQHandler                       0x08006bd7   Thumb Code     0  startup_stm32f40_41xxx.o(.text)
    TIM1_TRG_COM_TIM11_IRQHandler            0x08006bd7   Thumb Code     0  startup_stm32f40_41xxx.o(.text)
    TIM1_UP_TIM10_IRQHandler                 0x08006bd7   Thumb Code     0  startup_stm32f40_41xxx.o(.text)
    TIM3_IRQHandler                          0x08006bd7   Thumb Code     0  startup_stm32f40_41xxx.o(.text)
    TIM4_IRQHandler                          0x08006bd7   Thumb Code     0  startup_stm32f40_41xxx.o(.text)
    TIM6_DAC_IRQHandler                      0x08006bd7   Thumb Code     0  startup_stm32f40_41xxx.o(.text)
    TIM7_IRQHandler                          0x08006bd7   Thumb Code     0  startup_stm32f40_41xxx.o(.text)
    TIM8_BRK_TIM12_IRQHandler                0x08006bd7   Thumb Code     0  startup_stm32f40_41xxx.o(.text)
    TIM8_CC_IRQHandler                       0x08006bd7   Thumb Code     0  startup_stm32f40_41xxx.o(.text)
    TIM8_TRG_COM_TIM14_IRQHandler            0x08006bd7   Thumb Code     0  startup_stm32f40_41xxx.o(.text)
    TIM8_UP_TIM13_IRQHandler                 0x08006bd7   Thumb Code     0  startup_stm32f40_41xxx.o(.text)
    UART4_IRQHandler                         0x08006bd7   Thumb Code     0  startup_stm32f40_41xxx.o(.text)
    UART5_IRQHandler                         0x08006bd7   Thumb Code     0  startup_stm32f40_41xxx.o(.text)
    USART3_IRQHandler                        0x08006bd7   Thumb Code     0  startup_stm32f40_41xxx.o(.text)
    USART6_IRQHandler                        0x08006bd7   Thumb Code     0  startup_stm32f40_41xxx.o(.text)
    WWDG_IRQHandler                          0x08006bd7   Thumb Code     0  startup_stm32f40_41xxx.o(.text)
    __user_initial_stackheap                 0x08006bd9   Thumb Code     0  startup_stm32f40_41xxx.o(.text)
    NVIC_PriorityGroupConfig                 0x08006bfd   Thumb Code    10  misc.o(.text)
    NVIC_Init                                0x08006c07   Thumb Code   106  misc.o(.text)
    NVIC_SetVectorTable                      0x08006c71   Thumb Code    14  misc.o(.text)
    NVIC_SystemLPConfig                      0x08006c7f   Thumb Code    34  misc.o(.text)
    SysTick_CLKSourceConfig                  0x08006ca1   Thumb Code    40  misc.o(.text)
    GPIO_DeInit                              0x08006cdd   Thumb Code   268  stm32f4xx_gpio.o(.text)
    GPIO_Init                                0x08006de9   Thumb Code   144  stm32f4xx_gpio.o(.text)
    GPIO_StructInit                          0x08006e79   Thumb Code    18  stm32f4xx_gpio.o(.text)
    GPIO_PinLockConfig                       0x08006e8b   Thumb Code    34  stm32f4xx_gpio.o(.text)
    GPIO_ReadInputDataBit                    0x08006ead   Thumb Code    18  stm32f4xx_gpio.o(.text)
    GPIO_ReadInputData                       0x08006ebf   Thumb Code     8  stm32f4xx_gpio.o(.text)
    GPIO_ReadOutputDataBit                   0x08006ec7   Thumb Code    18  stm32f4xx_gpio.o(.text)
    GPIO_ReadOutputData                      0x08006ed9   Thumb Code     8  stm32f4xx_gpio.o(.text)
    GPIO_SetBits                             0x08006ee1   Thumb Code     4  stm32f4xx_gpio.o(.text)
    GPIO_ResetBits                           0x08006ee5   Thumb Code     4  stm32f4xx_gpio.o(.text)
    GPIO_WriteBit                            0x08006ee9   Thumb Code    10  stm32f4xx_gpio.o(.text)
    GPIO_Write                               0x08006ef3   Thumb Code     4  stm32f4xx_gpio.o(.text)
    GPIO_ToggleBits                          0x08006ef7   Thumb Code     8  stm32f4xx_gpio.o(.text)
    GPIO_PinAFConfig                         0x08006eff   Thumb Code    70  stm32f4xx_gpio.o(.text)
    USART_DeInit                             0x08006f71   Thumb Code   206  stm32f4xx_usart.o(.text)
    USART_Init                               0x0800703f   Thumb Code   204  stm32f4xx_usart.o(.text)
    USART_StructInit                         0x0800710b   Thumb Code    24  stm32f4xx_usart.o(.text)
    USART_ClockInit                          0x08007123   Thumb Code    32  stm32f4xx_usart.o(.text)
    USART_ClockStructInit                    0x08007143   Thumb Code    12  stm32f4xx_usart.o(.text)
    USART_Cmd                                0x0800714f   Thumb Code    24  stm32f4xx_usart.o(.text)
    USART_SetPrescaler                       0x08007167   Thumb Code    16  stm32f4xx_usart.o(.text)
    USART_OverSampling8Cmd                   0x08007177   Thumb Code    22  stm32f4xx_usart.o(.text)
    USART_OneBitMethodCmd                    0x0800718d   Thumb Code    24  stm32f4xx_usart.o(.text)
    USART_SendData                           0x080071a5   Thumb Code     8  stm32f4xx_usart.o(.text)
    USART_ReceiveData                        0x080071ad   Thumb Code    10  stm32f4xx_usart.o(.text)
    USART_SetAddress                         0x080071b7   Thumb Code    18  stm32f4xx_usart.o(.text)
    USART_ReceiverWakeUpCmd                  0x080071c9   Thumb Code    24  stm32f4xx_usart.o(.text)
    USART_WakeUpConfig                       0x080071e1   Thumb Code    18  stm32f4xx_usart.o(.text)
    USART_LINBreakDetectLengthConfig         0x080071f3   Thumb Code    18  stm32f4xx_usart.o(.text)
    USART_LINCmd                             0x08007205   Thumb Code    24  stm32f4xx_usart.o(.text)
    USART_SendBreak                          0x0800721d   Thumb Code    10  stm32f4xx_usart.o(.text)
    USART_HalfDuplexCmd                      0x08007227   Thumb Code    24  stm32f4xx_usart.o(.text)
    USART_SetGuardTime                       0x0800723f   Thumb Code    16  stm32f4xx_usart.o(.text)
    USART_SmartCardCmd                       0x0800724f   Thumb Code    24  stm32f4xx_usart.o(.text)
    USART_SmartCardNACKCmd                   0x08007267   Thumb Code    24  stm32f4xx_usart.o(.text)
    USART_IrDAConfig                         0x0800727f   Thumb Code    18  stm32f4xx_usart.o(.text)
    USART_IrDACmd                            0x08007291   Thumb Code    24  stm32f4xx_usart.o(.text)
    USART_DMACmd                             0x080072a9   Thumb Code    18  stm32f4xx_usart.o(.text)
    USART_ITConfig                           0x080072bb   Thumb Code    74  stm32f4xx_usart.o(.text)
    USART_GetFlagStatus                      0x08007305   Thumb Code    26  stm32f4xx_usart.o(.text)
    USART_ClearFlag                          0x0800731f   Thumb Code    18  stm32f4xx_usart.o(.text)
    USART_GetITStatus                        0x08007331   Thumb Code   118  stm32f4xx_usart.o(.text)
    USART_ClearITPendingBit                  0x080073a7   Thumb Code    30  stm32f4xx_usart.o(.text)
    TIM_DeInit                               0x080073c5   Thumb Code   346  stm32f4xx_tim.o(.text)
    TIM_TimeBaseInit                         0x0800751f   Thumb Code   104  stm32f4xx_tim.o(.text)
    TIM_TimeBaseStructInit                   0x08007587   Thumb Code    18  stm32f4xx_tim.o(.text)
    TIM_PrescalerConfig                      0x08007599   Thumb Code     6  stm32f4xx_tim.o(.text)
    TIM_CounterModeConfig                    0x0800759f   Thumb Code    18  stm32f4xx_tim.o(.text)
    TIM_SetCounter                           0x080075b1   Thumb Code     4  stm32f4xx_tim.o(.text)
    TIM_SetAutoreload                        0x080075b5   Thumb Code     4  stm32f4xx_tim.o(.text)
    TIM_GetCounter                           0x080075b9   Thumb Code     6  stm32f4xx_tim.o(.text)
    TIM_GetPrescaler                         0x080075bf   Thumb Code     6  stm32f4xx_tim.o(.text)
    TIM_UpdateDisableConfig                  0x080075c5   Thumb Code    24  stm32f4xx_tim.o(.text)
    TIM_UpdateRequestConfig                  0x080075dd   Thumb Code    24  stm32f4xx_tim.o(.text)
    TIM_ARRPreloadConfig                     0x080075f5   Thumb Code    24  stm32f4xx_tim.o(.text)
    TIM_SelectOnePulseMode                   0x0800760d   Thumb Code    18  stm32f4xx_tim.o(.text)
    TIM_SetClockDivision                     0x0800761f   Thumb Code    18  stm32f4xx_tim.o(.text)
    TIM_Cmd                                  0x08007631   Thumb Code    24  stm32f4xx_tim.o(.text)
    TIM_OC1Init                              0x08007649   Thumb Code   114  stm32f4xx_tim.o(.text)
    TIM_OC2Init                              0x080076bb   Thumb Code   154  stm32f4xx_tim.o(.text)
    TIM_OC3Init                              0x08007755   Thumb Code   204  stm32f4xx_tim.o(.text)
    TIM_OC4Init                              0x08007821   Thumb Code   112  stm32f4xx_tim.o(.text)
    TIM_OCStructInit                         0x08007891   Thumb Code    20  stm32f4xx_tim.o(.text)
    TIM_SelectOCxM                           0x080078a5   Thumb Code    86  stm32f4xx_tim.o(.text)
    TIM_SetCompare1                          0x080078fb   Thumb Code     4  stm32f4xx_tim.o(.text)
    TIM_SetCompare2                          0x080078ff   Thumb Code     4  stm32f4xx_tim.o(.text)
    TIM_SetCompare3                          0x08007903   Thumb Code     4  stm32f4xx_tim.o(.text)
    TIM_SetCompare4                          0x08007907   Thumb Code     4  stm32f4xx_tim.o(.text)
    TIM_ForcedOC1Config                      0x0800790b   Thumb Code    18  stm32f4xx_tim.o(.text)
    TIM_ForcedOC2Config                      0x0800791d   Thumb Code    26  stm32f4xx_tim.o(.text)
    TIM_ForcedOC3Config                      0x08007937   Thumb Code    18  stm32f4xx_tim.o(.text)
    TIM_ForcedOC4Config                      0x08007949   Thumb Code    26  stm32f4xx_tim.o(.text)
    TIM_OC1PreloadConfig                     0x08007963   Thumb Code    18  stm32f4xx_tim.o(.text)
    TIM_OC2PreloadConfig                     0x08007975   Thumb Code    26  stm32f4xx_tim.o(.text)
    TIM_OC3PreloadConfig                     0x0800798f   Thumb Code    18  stm32f4xx_tim.o(.text)
    TIM_OC4PreloadConfig                     0x080079a1   Thumb Code    26  stm32f4xx_tim.o(.text)
    TIM_OC1FastConfig                        0x080079bb   Thumb Code    18  stm32f4xx_tim.o(.text)
    TIM_OC2FastConfig                        0x080079cd   Thumb Code    26  stm32f4xx_tim.o(.text)
    TIM_OC3FastConfig                        0x080079e7   Thumb Code    18  stm32f4xx_tim.o(.text)
    TIM_OC4FastConfig                        0x080079f9   Thumb Code    26  stm32f4xx_tim.o(.text)
    TIM_ClearOC1Ref                          0x08007a13   Thumb Code    18  stm32f4xx_tim.o(.text)
    TIM_ClearOC2Ref                          0x08007a25   Thumb Code    24  stm32f4xx_tim.o(.text)
    TIM_ClearOC3Ref                          0x08007a3d   Thumb Code    18  stm32f4xx_tim.o(.text)
    TIM_ClearOC4Ref                          0x08007a4f   Thumb Code    24  stm32f4xx_tim.o(.text)
    TIM_OC1PolarityConfig                    0x08007a67   Thumb Code    18  stm32f4xx_tim.o(.text)
    TIM_OC1NPolarityConfig                   0x08007a79   Thumb Code    18  stm32f4xx_tim.o(.text)
    TIM_OC2PolarityConfig                    0x08007a8b   Thumb Code    26  stm32f4xx_tim.o(.text)
    TIM_OC2NPolarityConfig                   0x08007aa5   Thumb Code    26  stm32f4xx_tim.o(.text)
    TIM_OC3PolarityConfig                    0x08007abf   Thumb Code    26  stm32f4xx_tim.o(.text)
    TIM_OC3NPolarityConfig                   0x08007ad9   Thumb Code    26  stm32f4xx_tim.o(.text)
    TIM_OC4PolarityConfig                    0x08007af3   Thumb Code    26  stm32f4xx_tim.o(.text)
    TIM_CCxCmd                               0x08007b0d   Thumb Code    30  stm32f4xx_tim.o(.text)
    TIM_CCxNCmd                              0x08007b2b   Thumb Code    30  stm32f4xx_tim.o(.text)
    TIM_SetIC4Prescaler                      0x08007b49   Thumb Code    26  stm32f4xx_tim.o(.text)
    TIM_SetIC3Prescaler                      0x08007bb3   Thumb Code    18  stm32f4xx_tim.o(.text)
    TIM_SetIC2Prescaler                      0x08007c0d   Thumb Code    26  stm32f4xx_tim.o(.text)
    TIM_SetIC1Prescaler                      0x08007c81   Thumb Code    18  stm32f4xx_tim.o(.text)
    TIM_ICInit                               0x08007ccd   Thumb Code   110  stm32f4xx_tim.o(.text)
    TIM_ICStructInit                         0x08007d3b   Thumb Code    18  stm32f4xx_tim.o(.text)
    TIM_PWMIConfig                           0x08007d4d   Thumb Code   124  stm32f4xx_tim.o(.text)
    TIM_GetCapture1                          0x08007dc9   Thumb Code     6  stm32f4xx_tim.o(.text)
    TIM_GetCapture2                          0x08007dcf   Thumb Code     6  stm32f4xx_tim.o(.text)
    TIM_GetCapture3                          0x08007dd5   Thumb Code     6  stm32f4xx_tim.o(.text)
    TIM_GetCapture4                          0x08007ddb   Thumb Code     6  stm32f4xx_tim.o(.text)
    TIM_BDTRConfig                           0x08007de1   Thumb Code    32  stm32f4xx_tim.o(.text)
    TIM_BDTRStructInit                       0x08007e01   Thumb Code    18  stm32f4xx_tim.o(.text)
    TIM_CtrlPWMOutputs                       0x08007e13   Thumb Code    30  stm32f4xx_tim.o(.text)
    TIM_SelectCOM                            0x08007e31   Thumb Code    24  stm32f4xx_tim.o(.text)
    TIM_CCPreloadControl                     0x08007e49   Thumb Code    24  stm32f4xx_tim.o(.text)
    TIM_ITConfig                             0x08007e61   Thumb Code    18  stm32f4xx_tim.o(.text)
    TIM_GenerateEvent                        0x08007e73   Thumb Code     4  stm32f4xx_tim.o(.text)
    TIM_GetFlagStatus                        0x08007e77   Thumb Code    18  stm32f4xx_tim.o(.text)
    TIM_ClearFlag                            0x08007e89   Thumb Code     6  stm32f4xx_tim.o(.text)
    TIM_GetITStatus                          0x08007e8f   Thumb Code    34  stm32f4xx_tim.o(.text)
    TIM_ClearITPendingBit                    0x08007eb1   Thumb Code     6  stm32f4xx_tim.o(.text)
    TIM_DMAConfig                            0x08007eb7   Thumb Code    10  stm32f4xx_tim.o(.text)
    TIM_DMACmd                               0x08007ec1   Thumb Code    18  stm32f4xx_tim.o(.text)
    TIM_SelectCCDMA                          0x08007ed3   Thumb Code    24  stm32f4xx_tim.o(.text)
    TIM_InternalClockConfig                  0x08007eeb   Thumb Code    12  stm32f4xx_tim.o(.text)
    TIM_SelectInputTrigger                   0x08007ef7   Thumb Code    18  stm32f4xx_tim.o(.text)
    TIM_ITRxExternalClockConfig              0x08007f09   Thumb Code    24  stm32f4xx_tim.o(.text)
    TIM_TIxExternalClockConfig               0x08007f21   Thumb Code    62  stm32f4xx_tim.o(.text)
    TIM_ETRConfig                            0x08007f5f   Thumb Code    28  stm32f4xx_tim.o(.text)
    TIM_ETRClockMode1Config                  0x08007f7b   Thumb Code    54  stm32f4xx_tim.o(.text)
    TIM_ETRClockMode2Config                  0x08007fb1   Thumb Code    32  stm32f4xx_tim.o(.text)
    TIM_SelectOutputTrigger                  0x08007fd1   Thumb Code    18  stm32f4xx_tim.o(.text)
    TIM_SelectSlaveMode                      0x08007fe3   Thumb Code    18  stm32f4xx_tim.o(.text)
    TIM_SelectMasterSlaveMode                0x08007ff5   Thumb Code    18  stm32f4xx_tim.o(.text)
    TIM_EncoderInterfaceConfig               0x08008007   Thumb Code    66  stm32f4xx_tim.o(.text)
    TIM_SelectHallSensor                     0x08008049   Thumb Code    24  stm32f4xx_tim.o(.text)
    TIM_RemapConfig                          0x08008061   Thumb Code     6  stm32f4xx_tim.o(.text)
    SYSCFG_DeInit                            0x08008069   Thumb Code    22  stm32f4xx_syscfg.o(.text)
    SYSCFG_MemoryRemapConfig                 0x0800807f   Thumb Code     6  stm32f4xx_syscfg.o(.text)
    SYSCFG_MemorySwappingBank                0x08008085   Thumb Code     6  stm32f4xx_syscfg.o(.text)
    SYSCFG_EXTILineConfig                    0x0800808b   Thumb Code    66  stm32f4xx_syscfg.o(.text)
    SYSCFG_ETH_MediaInterfaceConfig          0x080080cd   Thumb Code     8  stm32f4xx_syscfg.o(.text)
    SYSCFG_CompensationCellCmd               0x080080d5   Thumb Code     6  stm32f4xx_syscfg.o(.text)
    SYSCFG_GetCompensationCellStatus         0x080080db   Thumb Code    22  stm32f4xx_syscfg.o(.text)
    RCC_DeInit                               0x080080fd   Thumb Code    82  stm32f4xx_rcc.o(.text)
    RCC_HSEConfig                            0x0800814f   Thumb Code    14  stm32f4xx_rcc.o(.text)
    RCC_GetFlagStatus                        0x0800815d   Thumb Code    60  stm32f4xx_rcc.o(.text)
    RCC_WaitForHSEStartUp                    0x08008199   Thumb Code    56  stm32f4xx_rcc.o(.text)
    RCC_AdjustHSICalibrationValue            0x080081d1   Thumb Code    20  stm32f4xx_rcc.o(.text)
    RCC_HSICmd                               0x080081e5   Thumb Code     6  stm32f4xx_rcc.o(.text)
    RCC_LSEConfig                            0x080081eb   Thumb Code    46  stm32f4xx_rcc.o(.text)
    RCC_LSICmd                               0x08008219   Thumb Code     6  stm32f4xx_rcc.o(.text)
    RCC_PLLConfig                            0x0800821f   Thumb Code    32  stm32f4xx_rcc.o(.text)
    RCC_PLLCmd                               0x0800823f   Thumb Code     6  stm32f4xx_rcc.o(.text)
    RCC_PLLI2SConfig                         0x08008245   Thumb Code    14  stm32f4xx_rcc.o(.text)
    RCC_PLLI2SCmd                            0x08008253   Thumb Code     6  stm32f4xx_rcc.o(.text)
    RCC_PLLSAIConfig                         0x08008259   Thumb Code    20  stm32f4xx_rcc.o(.text)
    RCC_PLLSAICmd                            0x0800826d   Thumb Code     6  stm32f4xx_rcc.o(.text)
    RCC_ClockSecuritySystemCmd               0x08008273   Thumb Code     6  stm32f4xx_rcc.o(.text)
    RCC_MCO1Config                           0x08008279   Thumb Code    28  stm32f4xx_rcc.o(.text)
    RCC_MCO2Config                           0x08008295   Thumb Code    28  stm32f4xx_rcc.o(.text)
    RCC_SYSCLKConfig                         0x080082b1   Thumb Code    20  stm32f4xx_rcc.o(.text)
    RCC_GetSYSCLKSource                      0x080082c5   Thumb Code    12  stm32f4xx_rcc.o(.text)
    RCC_HCLKConfig                           0x080082d1   Thumb Code    20  stm32f4xx_rcc.o(.text)
    RCC_PCLK1Config                          0x080082e5   Thumb Code    20  stm32f4xx_rcc.o(.text)
    RCC_PCLK2Config                          0x080082f9   Thumb Code    22  stm32f4xx_rcc.o(.text)
    RCC_GetClocksFreq                        0x0800830f   Thumb Code   222  stm32f4xx_rcc.o(.text)
    RCC_RTCCLKConfig                         0x080083ed   Thumb Code    54  stm32f4xx_rcc.o(.text)
    RCC_RTCCLKCmd                            0x08008423   Thumb Code     8  stm32f4xx_rcc.o(.text)
    RCC_BackupResetCmd                       0x0800842b   Thumb Code     8  stm32f4xx_rcc.o(.text)
    RCC_I2SCLKConfig                         0x08008433   Thumb Code     6  stm32f4xx_rcc.o(.text)
    RCC_SAIPLLI2SClkDivConfig                0x08008439   Thumb Code    26  stm32f4xx_rcc.o(.text)
    RCC_SAIPLLSAIClkDivConfig                0x08008453   Thumb Code    28  stm32f4xx_rcc.o(.text)
    RCC_SAIBlockACLKConfig                   0x0800846f   Thumb Code    20  stm32f4xx_rcc.o(.text)
    RCC_SAIBlockBCLKConfig                   0x08008483   Thumb Code    20  stm32f4xx_rcc.o(.text)
    RCC_LTDCCLKDivConfig                     0x08008497   Thumb Code    20  stm32f4xx_rcc.o(.text)
    RCC_TIMCLKPresConfig                     0x080084ab   Thumb Code     6  stm32f4xx_rcc.o(.text)
    RCC_AHB1PeriphClockCmd                   0x080084b1   Thumb Code    34  stm32f4xx_rcc.o(.text)
    RCC_AHB2PeriphClockCmd                   0x080084d3   Thumb Code    78  stm32f4xx_rcc.o(.text)
    RCC_AHB3PeriphClockCmd                   0x08008521   Thumb Code    34  stm32f4xx_rcc.o(.text)
    RCC_APB1PeriphClockCmd                   0x08008543   Thumb Code    34  stm32f4xx_rcc.o(.text)
    RCC_APB2PeriphClockCmd                   0x08008565   Thumb Code    34  stm32f4xx_rcc.o(.text)
    RCC_AHB1PeriphResetCmd                   0x08008587   Thumb Code    34  stm32f4xx_rcc.o(.text)
    RCC_AHB2PeriphResetCmd                   0x080085a9   Thumb Code    34  stm32f4xx_rcc.o(.text)
    RCC_AHB3PeriphResetCmd                   0x080085cb   Thumb Code    34  stm32f4xx_rcc.o(.text)
    RCC_APB1PeriphResetCmd                   0x080085ed   Thumb Code    34  stm32f4xx_rcc.o(.text)
    RCC_APB2PeriphResetCmd                   0x0800860f   Thumb Code    34  stm32f4xx_rcc.o(.text)
    RCC_AHB1PeriphClockLPModeCmd             0x08008631   Thumb Code    34  stm32f4xx_rcc.o(.text)
    RCC_AHB2PeriphClockLPModeCmd             0x08008653   Thumb Code    34  stm32f4xx_rcc.o(.text)
    RCC_AHB3PeriphClockLPModeCmd             0x08008675   Thumb Code    34  stm32f4xx_rcc.o(.text)
    RCC_APB1PeriphClockLPModeCmd             0x08008697   Thumb Code    34  stm32f4xx_rcc.o(.text)
    RCC_APB2PeriphClockLPModeCmd             0x080086b9   Thumb Code    34  stm32f4xx_rcc.o(.text)
    RCC_LSEModeConfig                        0x080086db   Thumb Code    40  stm32f4xx_rcc.o(.text)
    RCC_ITConfig                             0x08008703   Thumb Code    34  stm32f4xx_rcc.o(.text)
    RCC_ClearFlag                            0x08008725   Thumb Code    18  stm32f4xx_rcc.o(.text)
    RCC_GetITStatus                          0x08008737   Thumb Code    22  stm32f4xx_rcc.o(.text)
    RCC_ClearITPendingBit                    0x0800874d   Thumb Code     8  stm32f4xx_rcc.o(.text)
    EXTI_DeInit                              0x08008759   Thumb Code    28  stm32f4xx_exti.o(.text)
    EXTI_Init                                0x08008775   Thumb Code   142  stm32f4xx_exti.o(.text)
    EXTI_StructInit                          0x08008803   Thumb Code    16  stm32f4xx_exti.o(.text)
    EXTI_GenerateSWInterrupt                 0x08008813   Thumb Code    16  stm32f4xx_exti.o(.text)
    EXTI_GetFlagStatus                       0x08008823   Thumb Code    22  stm32f4xx_exti.o(.text)
    EXTI_ClearFlag                           0x08008839   Thumb Code     8  stm32f4xx_exti.o(.text)
    EXTI_GetITStatus                         0x08008841   Thumb Code    22  stm32f4xx_exti.o(.text)
    EXTI_ClearITPendingBit                   0x08008857   Thumb Code     8  stm32f4xx_exti.o(.text)
    FSMC_NORSRAMDeInit                       0x08008869   Thumb Code    54  stm32f4xx_fsmc.o(.text)
    FSMC_NORSRAMInit                         0x0800889f   Thumb Code   230  stm32f4xx_fsmc.o(.text)
    FSMC_NORSRAMStructInit                   0x08008985   Thumb Code    48  stm32f4xx_fsmc.o(.text)
    FSMC_NORSRAMCmd                          0x080089b5   Thumb Code    46  stm32f4xx_fsmc.o(.text)
    FSMC_NANDDeInit                          0x080089e3   Thumb Code    62  stm32f4xx_fsmc.o(.text)
    FSMC_NANDInit                            0x08008a21   Thumb Code   132  stm32f4xx_fsmc.o(.text)
    FSMC_NANDStructInit                      0x08008aa5   Thumb Code    54  stm32f4xx_fsmc.o(.text)
    FSMC_NANDCmd                             0x08008adb   Thumb Code    86  stm32f4xx_fsmc.o(.text)
    FSMC_NANDECCCmd                          0x08008b31   Thumb Code    86  stm32f4xx_fsmc.o(.text)
    FSMC_GetECC                              0x08008b87   Thumb Code    24  stm32f4xx_fsmc.o(.text)
    FSMC_PCCARDDeInit                        0x08008b9f   Thumb Code    36  stm32f4xx_fsmc.o(.text)
    FSMC_PCCARDInit                          0x08008bc3   Thumb Code   130  stm32f4xx_fsmc.o(.text)
    FSMC_PCCARDStructInit                    0x08008c45   Thumb Code    60  stm32f4xx_fsmc.o(.text)
    FSMC_PCCARDCmd                           0x08008c81   Thumb Code    44  stm32f4xx_fsmc.o(.text)
    FSMC_ITConfig                            0x08008cad   Thumb Code   128  stm32f4xx_fsmc.o(.text)
    FSMC_GetFlagStatus                       0x08008d2d   Thumb Code    54  stm32f4xx_fsmc.o(.text)
    FSMC_ClearFlag                           0x08008d63   Thumb Code    74  stm32f4xx_fsmc.o(.text)
    FSMC_GetITStatus                         0x08008dad   Thumb Code    62  stm32f4xx_fsmc.o(.text)
    FSMC_ClearITPendingBit                   0x08008deb   Thumb Code    66  stm32f4xx_fsmc.o(.text)
    __use_no_semihosting                     0x08008e31   Thumb Code     2  use_no_semi_2.o(.text)
    __2printf                                0x08008e35   Thumb Code    20  noretval__2printf.o(.text)
    __2sprintf                               0x08008e4d   Thumb Code    34  noretval__2sprintf.o(.text)
    _printf_pre_padding                      0x08008e75   Thumb Code    44  _printf_pad.o(.text)
    _printf_post_padding                     0x08008ea1   Thumb Code    34  _printf_pad.o(.text)
    _printf_int_dec                          0x08008ec5   Thumb Code   104  _printf_dec.o(.text)
    _printf_int_hex                          0x08008f3d   Thumb Code    84  _printf_hex_int.o(.text)
    _printf_longlong_hex                     0x08008f3d   Thumb Code     0  _printf_hex_int.o(.text)
    __printf                                 0x08008f95   Thumb Code   270  __printf_wp.o(.text)
    __use_two_region_memory                  0x080090a3   Thumb Code     2  heapauxi.o(.text)
    __rt_heap_escrow$2region                 0x080090a5   Thumb Code     2  heapauxi.o(.text)
    __rt_heap_expand$2region                 0x080090a7   Thumb Code     2  heapauxi.o(.text)
    __I$use$semihosting                      0x080090a9   Thumb Code     0  use_no_semi.o(.text)
    __use_no_semihosting_swi                 0x080090a9   Thumb Code     2  use_no_semi.o(.text)
    _printf_int_common                       0x080090ab   Thumb Code   178  _printf_intcommon.o(.text)
    _printf_char_common                      0x08009167   Thumb Code    32  _printf_char_common.o(.text)
    _sputc                                   0x0800918d   Thumb Code    10  _sputc.o(.text)
    _printf_char_file                        0x08009199   Thumb Code    32  _printf_char_file.o(.text)
    ferror                                   0x080091bd   Thumb Code     8  ferror.o(.text)
    __user_setup_stackheap                   0x080091c5   Thumb Code    74  sys_stackheap_outer.o(.text)
    exit                                     0x0800920f   Thumb Code    18  exit.o(.text)
    __user_libspace                          0x08009221   Thumb Code     8  libspace.o(.text)
    __user_perproc_libspace                  0x08009221   Thumb Code     0  libspace.o(.text)
    __user_perthread_libspace                0x08009221   Thumb Code     0  libspace.o(.text)
    _is_digit                                0x08009229   Thumb Code    14  __printf_wp.o(i._is_digit)
    __aeabi_d2f                              0x08009239   Thumb Code     0  d2f.o(x$fpl$d2f)
    _d2f                                     0x08009239   Thumb Code    98  d2f.o(x$fpl$d2f)
    __aeabi_dadd                             0x0800929d   Thumb Code     0  daddsub_clz.o(x$fpl$dadd)
    _dadd                                    0x0800929d   Thumb Code   332  daddsub_clz.o(x$fpl$dadd)
    __aeabi_ddiv                             0x080093ed   Thumb Code     0  ddiv.o(x$fpl$ddiv)
    _ddiv                                    0x080093ed   Thumb Code   552  ddiv.o(x$fpl$ddiv)
    __aeabi_d2iz                             0x0800969d   Thumb Code     0  dfix.o(x$fpl$dfix)
    _dfix                                    0x0800969d   Thumb Code    94  dfix.o(x$fpl$dfix)
    __aeabi_d2uiz                            0x080096fd   Thumb Code     0  dfixu.o(x$fpl$dfixu)
    _dfixu                                   0x080096fd   Thumb Code    90  dfixu.o(x$fpl$dfixu)
    __aeabi_i2d                              0x08009757   Thumb Code     0  dflt_clz.o(x$fpl$dflt)
    _dflt                                    0x08009757   Thumb Code    46  dflt_clz.o(x$fpl$dflt)
    __aeabi_ui2d                             0x08009785   Thumb Code     0  dflt_clz.o(x$fpl$dfltu)
    _dfltu                                   0x08009785   Thumb Code    38  dflt_clz.o(x$fpl$dfltu)
    __aeabi_dmul                             0x080097ad   Thumb Code     0  dmul.o(x$fpl$dmul)
    _dmul                                    0x080097ad   Thumb Code   332  dmul.o(x$fpl$dmul)
    __fpl_dnaninf                            0x08009901   Thumb Code   156  dnaninf.o(x$fpl$dnaninf)
    __fpl_dretinf                            0x0800999d   Thumb Code    12  dretinf.o(x$fpl$dretinf)
    __aeabi_drsub                            0x080099a9   Thumb Code     0  daddsub_clz.o(x$fpl$drsb)
    _drsb                                    0x080099a9   Thumb Code    22  daddsub_clz.o(x$fpl$drsb)
    __aeabi_dsub                             0x080099c1   Thumb Code     0  daddsub_clz.o(x$fpl$dsub)
    _dsub                                    0x080099c1   Thumb Code   464  daddsub_clz.o(x$fpl$dsub)
    __aeabi_f2d                              0x08009b95   Thumb Code     0  f2d.o(x$fpl$f2d)
    _f2d                                     0x08009b95   Thumb Code    86  f2d.o(x$fpl$f2d)
    __fpl_fnaninf                            0x08009beb   Thumb Code   140  fnaninf.o(x$fpl$fnaninf)
    _fp_init                                 0x08009c77   Thumb Code    10  fpinit.o(x$fpl$fpinit)
    __fplib_config_fpu_vfp                   0x08009c7f   Thumb Code     0  fpinit.o(x$fpl$fpinit)
    __fplib_config_pureend_doubles           0x08009c7f   Thumb Code     0  fpinit.o(x$fpl$fpinit)
    __fpl_fretinf                            0x08009c81   Thumb Code    10  fretinf.o(x$fpl$fretinf)
    __I$use$fp                               0x08009c8a   Number         0  usenofp.o(x$fpl$usenofp)
    asc2_1206                                0x08009c8a   Data        1140  lcd.o(.constdata)
    asc2_1608                                0x0800a0fe   Data        1520  lcd.o(.constdata)
    asc2_2412                                0x0800a6ee   Data        3420  lcd.o(.constdata)
    FSMC_DefaultTimingStruct                 0x0800b44c   Data          28  stm32f4xx_fsmc.o(.constdata)
    Region$$Table$$Base                      0x0800b490   Number         0  anon$$obj.o(Region$$Table)
    Region$$Table$$Limit                     0x0800b4b0   Number         0  anon$$obj.o(Region$$Table)
    GEAR                                     0x20000000   Data           2  main.o(.data)
    SystemCoreClock                          0x20000004   Data           4  system_stm32f4xx.o(.data)
    AHBPrescTable                            0x20000008   Data          16  system_stm32f4xx.o(.data)
    UltrasonicWave_Distance                  0x20000020   Data           4  obstacle_avoid.o(.data)
    POINT_COLOR                              0x20000038   Data           2  lcd.o(.data)
    BACK_COLOR                               0x2000003a   Data           2  lcd.o(.data)
    Handkey                                  0x2000003c   Data           2  ps2.o(.data)
    Comd                                     0x2000003e   Data           2  ps2.o(.data)
    MASK                                     0x20000040   Data          32  ps2.o(.data)
    __stdout                                 0x20000064   Data           4  usart.o(.data)
    USART_RX_STA                             0x20000068   Data           2  usart.o(.data)
    lcddev                                   0x2000007c   Data          14  lcd.o(.bss)
    Data                                     0x2000008a   Data           9  ps2.o(.bss)
    USART_RX_BUF                             0x20000093   Data         200  usart.o(.bss)
    __libspace_start                         0x2000015c   Data          96  libspace.o(.bss)
    __temporary_stack_top$libspace           0x200001bc   Data           0  libspace.o(.bss)



==============================================================================

Memory Map of the image

  Image Entry point : 0x08000189

  Load Region LR_IROM1 (Base: 0x08000000, Size: 0x0000b52c, Max: 0x00100000, ABSOLUTE)

    Execution Region ER_IROM1 (Exec base: 0x08000000, Load base: 0x08000000, Size: 0x0000b4b0, Max: 0x00100000, ABSOLUTE)

    Exec Addr    Load Addr    Size         Type   Attr      Idx    E Section Name        Object

    0x08000000   0x08000000   0x00000188   Data   RO          517    RESET               startup_stm32f40_41xxx.o
    0x08000188   0x08000188   0x00000008   Code   RO          751  * !!!main             c_w.l(__main.o)
    0x08000190   0x08000190   0x00000034   Code   RO          960    !!!scatter          c_w.l(__scatter.o)
    0x080001c4   0x080001c4   0x0000001a   Code   RO          962    !!handler_copy      c_w.l(__scatter_copy.o)
    0x080001de   0x080001de   0x00000002   PAD
    0x080001e0   0x080001e0   0x0000001c   Code   RO          964    !!handler_zi        c_w.l(__scatter_zi.o)
    0x080001fc   0x080001fc   0x00000000   Code   RO          748    .ARM.Collect$$_printf_percent$$00000000  c_w.l(_printf_percent.o)
    0x080001fc   0x080001fc   0x00000006   Code   RO          747    .ARM.Collect$$_printf_percent$$00000009  c_w.l(_printf_d.o)
    0x08000202   0x08000202   0x00000006   Code   RO          746    .ARM.Collect$$_printf_percent$$0000000C  c_w.l(_printf_x.o)
    0x08000208   0x08000208   0x00000004   Code   RO          794    .ARM.Collect$$_printf_percent$$00000017  c_w.l(_printf_percent_end.o)
    0x0800020c   0x0800020c   0x00000002   Code   RO          834    .ARM.Collect$$libinit$$00000000  c_w.l(libinit.o)
    0x0800020e   0x0800020e   0x00000004   Code   RO          840    .ARM.Collect$$libinit$$00000001  c_w.l(libinit2.o)
    0x08000212   0x08000212   0x00000000   Code   RO          843    .ARM.Collect$$libinit$$00000004  c_w.l(libinit2.o)
    0x08000212   0x08000212   0x00000000   Code   RO          846    .ARM.Collect$$libinit$$0000000A  c_w.l(libinit2.o)
    0x08000212   0x08000212   0x00000000   Code   RO          848    .ARM.Collect$$libinit$$0000000C  c_w.l(libinit2.o)
    0x08000212   0x08000212   0x00000000   Code   RO          850    .ARM.Collect$$libinit$$0000000E  c_w.l(libinit2.o)
    0x08000212   0x08000212   0x00000000   Code   RO          853    .ARM.Collect$$libinit$$00000011  c_w.l(libinit2.o)
    0x08000212   0x08000212   0x00000000   Code   RO          855    .ARM.Collect$$libinit$$00000013  c_w.l(libinit2.o)
    0x08000212   0x08000212   0x00000000   Code   RO          857    .ARM.Collect$$libinit$$00000015  c_w.l(libinit2.o)
    0x08000212   0x08000212   0x00000000   Code   RO          859    .ARM.Collect$$libinit$$00000017  c_w.l(libinit2.o)
    0x08000212   0x08000212   0x00000000   Code   RO          861    .ARM.Collect$$libinit$$00000019  c_w.l(libinit2.o)
    0x08000212   0x08000212   0x00000000   Code   RO          863    .ARM.Collect$$libinit$$0000001B  c_w.l(libinit2.o)
    0x08000212   0x08000212   0x00000000   Code   RO          865    .ARM.Collect$$libinit$$0000001D  c_w.l(libinit2.o)
    0x08000212   0x08000212   0x00000000   Code   RO          867    .ARM.Collect$$libinit$$0000001F  c_w.l(libinit2.o)
    0x08000212   0x08000212   0x00000000   Code   RO          869    .ARM.Collect$$libinit$$00000021  c_w.l(libinit2.o)
    0x08000212   0x08000212   0x00000000   Code   RO          871    .ARM.Collect$$libinit$$00000023  c_w.l(libinit2.o)
    0x08000212   0x08000212   0x00000000   Code   RO          873    .ARM.Collect$$libinit$$00000025  c_w.l(libinit2.o)
    0x08000212   0x08000212   0x00000000   Code   RO          877    .ARM.Collect$$libinit$$0000002C  c_w.l(libinit2.o)
    0x08000212   0x08000212   0x00000000   Code   RO          879    .ARM.Collect$$libinit$$0000002E  c_w.l(libinit2.o)
    0x08000212   0x08000212   0x00000000   Code   RO          881    .ARM.Collect$$libinit$$00000030  c_w.l(libinit2.o)
    0x08000212   0x08000212   0x00000000   Code   RO          883    .ARM.Collect$$libinit$$00000032  c_w.l(libinit2.o)
    0x08000212   0x08000212   0x00000002   Code   RO          884    .ARM.Collect$$libinit$$00000033  c_w.l(libinit2.o)
    0x08000214   0x08000214   0x00000002   Code   RO          902    .ARM.Collect$$libshutdown$$00000000  c_w.l(libshutdown.o)
    0x08000216   0x08000216   0x00000000   Code   RO          912    .ARM.Collect$$libshutdown$$00000002  c_w.l(libshutdown2.o)
    0x08000216   0x08000216   0x00000000   Code   RO          914    .ARM.Collect$$libshutdown$$00000004  c_w.l(libshutdown2.o)
    0x08000216   0x08000216   0x00000000   Code   RO          917    .ARM.Collect$$libshutdown$$00000007  c_w.l(libshutdown2.o)
    0x08000216   0x08000216   0x00000000   Code   RO          920    .ARM.Collect$$libshutdown$$0000000A  c_w.l(libshutdown2.o)
    0x08000216   0x08000216   0x00000000   Code   RO          922    .ARM.Collect$$libshutdown$$0000000C  c_w.l(libshutdown2.o)
    0x08000216   0x08000216   0x00000000   Code   RO          925    .ARM.Collect$$libshutdown$$0000000F  c_w.l(libshutdown2.o)
    0x08000216   0x08000216   0x00000002   Code   RO          926    .ARM.Collect$$libshutdown$$00000010  c_w.l(libshutdown2.o)
    0x08000218   0x08000218   0x00000000   Code   RO          785    .ARM.Collect$$rtentry$$00000000  c_w.l(__rtentry.o)
    0x08000218   0x08000218   0x00000000   Code   RO          805    .ARM.Collect$$rtentry$$00000002  c_w.l(__rtentry2.o)
    0x08000218   0x08000218   0x00000006   Code   RO          817    .ARM.Collect$$rtentry$$00000004  c_w.l(__rtentry4.o)
    0x0800021e   0x0800021e   0x00000000   Code   RO          807    .ARM.Collect$$rtentry$$00000009  c_w.l(__rtentry2.o)
    0x0800021e   0x0800021e   0x00000004   Code   RO          808    .ARM.Collect$$rtentry$$0000000A  c_w.l(__rtentry2.o)
    0x08000222   0x08000222   0x00000000   Code   RO          810    .ARM.Collect$$rtentry$$0000000C  c_w.l(__rtentry2.o)
    0x08000222   0x08000222   0x00000008   Code   RO          811    .ARM.Collect$$rtentry$$0000000D  c_w.l(__rtentry2.o)
    0x0800022a   0x0800022a   0x00000002   Code   RO          838    .ARM.Collect$$rtexit$$00000000  c_w.l(rtexit.o)
    0x0800022c   0x0800022c   0x00000000   Code   RO          886    .ARM.Collect$$rtexit$$00000002  c_w.l(rtexit2.o)
    0x0800022c   0x0800022c   0x00000004   Code   RO          887    .ARM.Collect$$rtexit$$00000003  c_w.l(rtexit2.o)
    0x08000230   0x08000230   0x00000006   Code   RO          888    .ARM.Collect$$rtexit$$00000004  c_w.l(rtexit2.o)
    0x08000236   0x08000236   0x00000002   PAD
    0x08000238   0x08000238   0x00000060   Code   RO            3    .text               main.o
    0x08000298   0x08000298   0x0000001a   Code   RO          176    .text               stm32f4xx_it.o
    0x080002b2   0x080002b2   0x00000002   PAD
    0x080002b4   0x080002b4   0x00000210   Code   RO          225    .text               system_stm32f4xx.o
    0x080004c4   0x080004c4   0x00000940   Code   RO          251    .text               car_control.o
    0x08000e04   0x08000e04   0x00000040   Code   RO          273    .text               led.o
    0x08000e44   0x08000e44   0x00000420   Code   RO          293    .text               obstacle_avoid.o
    0x08001264   0x08001264   0x000001e8   Code   RO          317    .text               trace.o
    0x0800144c   0x0800144c   0x000001f0   Code   RO          339    .text               remote_ctr.o
    0x0800163c   0x0800163c   0x000001e8   Code   RO          360    .text               bluetooth_ctr.o
    0x08001824   0x08001824   0x00004c80   Code   RO          381    .text               lcd.o
    0x080064a4   0x080064a4   0x00000418   Code   RO          419    .text               ps2.o
    0x080068bc   0x080068bc   0x000001b8   Code   RO          446    .text               delay.o
    0x08006a74   0x08006a74   0x00000148   Code   RO          486    .text               usart.o
    0x08006bbc   0x08006bbc   0x00000040   Code   RO          518    .text               startup_stm32f40_41xxx.o
    0x08006bfc   0x08006bfc   0x000000e0   Code   RO          524    .text               misc.o
    0x08006cdc   0x08006cdc   0x00000294   Code   RO          544    .text               stm32f4xx_gpio.o
    0x08006f70   0x08006f70   0x00000454   Code   RO          564    .text               stm32f4xx_usart.o
    0x080073c4   0x080073c4   0x00000ca2   Code   RO          584    .text               stm32f4xx_tim.o
    0x08008066   0x08008066   0x00000002   PAD
    0x08008068   0x08008068   0x00000094   Code   RO          604    .text               stm32f4xx_syscfg.o
    0x080080fc   0x080080fc   0x0000065c   Code   RO          624    .text               stm32f4xx_rcc.o
    0x08008758   0x08008758   0x00000110   Code   RO          646    .text               stm32f4xx_exti.o
    0x08008868   0x08008868   0x000005c8   Code   RO          666    .text               stm32f4xx_fsmc.o
    0x08008e30   0x08008e30   0x00000002   Code   RO          689    .text               c_w.l(use_no_semi_2.o)
    0x08008e32   0x08008e32   0x00000002   PAD
    0x08008e34   0x08008e34   0x00000018   Code   RO          695    .text               c_w.l(noretval__2printf.o)
    0x08008e4c   0x08008e4c   0x00000028   Code   RO          697    .text               c_w.l(noretval__2sprintf.o)
    0x08008e74   0x08008e74   0x0000004e   Code   RO          701    .text               c_w.l(_printf_pad.o)
    0x08008ec2   0x08008ec2   0x00000002   PAD
    0x08008ec4   0x08008ec4   0x00000078   Code   RO          703    .text               c_w.l(_printf_dec.o)
    0x08008f3c   0x08008f3c   0x00000058   Code   RO          708    .text               c_w.l(_printf_hex_int.o)
    0x08008f94   0x08008f94   0x0000010e   Code   RO          734    .text               c_w.l(__printf_wp.o)
    0x080090a2   0x080090a2   0x00000006   Code   RO          749    .text               c_w.l(heapauxi.o)
    0x080090a8   0x080090a8   0x00000002   Code   RO          783    .text               c_w.l(use_no_semi.o)
    0x080090aa   0x080090aa   0x000000b2   Code   RO          786    .text               c_w.l(_printf_intcommon.o)
    0x0800915c   0x0800915c   0x00000030   Code   RO          788    .text               c_w.l(_printf_char_common.o)
    0x0800918c   0x0800918c   0x0000000a   Code   RO          790    .text               c_w.l(_sputc.o)
    0x08009196   0x08009196   0x00000002   PAD
    0x08009198   0x08009198   0x00000024   Code   RO          792    .text               c_w.l(_printf_char_file.o)
    0x080091bc   0x080091bc   0x00000008   Code   RO          821    .text               c_w.l(ferror.o)
    0x080091c4   0x080091c4   0x0000004a   Code   RO          825    .text               c_w.l(sys_stackheap_outer.o)
    0x0800920e   0x0800920e   0x00000012   Code   RO          827    .text               c_w.l(exit.o)
    0x08009220   0x08009220   0x00000008   Code   RO          835    .text               c_w.l(libspace.o)
    0x08009228   0x08009228   0x0000000e   Code   RO          736    i._is_digit         c_w.l(__printf_wp.o)
    0x08009236   0x08009236   0x00000002   PAD
    0x08009238   0x08009238   0x00000062   Code   RO          753    x$fpl$d2f           fz_wm.l(d2f.o)
    0x0800929a   0x0800929a   0x00000002   PAD
    0x0800929c   0x0800929c   0x00000150   Code   RO          755    x$fpl$dadd          fz_wm.l(daddsub_clz.o)
    0x080093ec   0x080093ec   0x000002b0   Code   RO          762    x$fpl$ddiv          fz_wm.l(ddiv.o)
    0x0800969c   0x0800969c   0x0000005e   Code   RO          765    x$fpl$dfix          fz_wm.l(dfix.o)
    0x080096fa   0x080096fa   0x00000002   PAD
    0x080096fc   0x080096fc   0x0000005a   Code   RO          769    x$fpl$dfixu         fz_wm.l(dfixu.o)
    0x08009756   0x08009756   0x0000002e   Code   RO          774    x$fpl$dflt          fz_wm.l(dflt_clz.o)
    0x08009784   0x08009784   0x00000026   Code   RO          773    x$fpl$dfltu         fz_wm.l(dflt_clz.o)
    0x080097aa   0x080097aa   0x00000002   PAD
    0x080097ac   0x080097ac   0x00000154   Code   RO          779    x$fpl$dmul          fz_wm.l(dmul.o)
    0x08009900   0x08009900   0x0000009c   Code   RO          795    x$fpl$dnaninf       fz_wm.l(dnaninf.o)
    0x0800999c   0x0800999c   0x0000000c   Code   RO          797    x$fpl$dretinf       fz_wm.l(dretinf.o)
    0x080099a8   0x080099a8   0x00000016   Code   RO          756    x$fpl$drsb          fz_wm.l(daddsub_clz.o)
    0x080099be   0x080099be   0x00000002   PAD
    0x080099c0   0x080099c0   0x000001d4   Code   RO          757    x$fpl$dsub          fz_wm.l(daddsub_clz.o)
    0x08009b94   0x08009b94   0x00000056   Code   RO          781    x$fpl$f2d           fz_wm.l(f2d.o)
    0x08009bea   0x08009bea   0x0000008c   Code   RO          799    x$fpl$fnaninf       fz_wm.l(fnaninf.o)
    0x08009c76   0x08009c76   0x0000000a   Code   RO          894    x$fpl$fpinit        fz_wm.l(fpinit.o)
    0x08009c80   0x08009c80   0x0000000a   Code   RO          801    x$fpl$fretinf       fz_wm.l(fretinf.o)
    0x08009c8a   0x08009c8a   0x00000000   Code   RO          803    x$fpl$usenofp       fz_wm.l(usenofp.o)
    0x08009c8a   0x08009c8a   0x000017c0   Data   RO          383    .constdata          lcd.o
    0x0800b44a   0x0800b44a   0x00000002   PAD
    0x0800b44c   0x0800b44c   0x0000001c   Data   RO          667    .constdata          stm32f4xx_fsmc.o
    0x0800b468   0x0800b468   0x00000028   Data   RO          709    .constdata          c_w.l(_printf_hex_int.o)
    0x0800b490   0x0800b490   0x00000020   Data   RO          958    Region$$Table       anon$$obj.o


    Execution Region RW_IRAM1 (Exec base: 0x20000000, Load base: 0x0800b4b0, Size: 0x000007c0, Max: 0x00020000, ABSOLUTE)

    Exec Addr    Load Addr    Size         Type   Attr      Idx    E Section Name        Object

    0x20000000   0x0800b4b0   0x00000002   Data   RW            4    .data               main.o
    0x20000002   0x0800b4b2   0x00000002   PAD
    0x20000004   0x0800b4b4   0x00000014   Data   RW          226    .data               system_stm32f4xx.o
    0x20000018   0x0800b4c8   0x00000008   Data   RW          252    .data               car_control.o
    0x20000020   0x0800b4d0   0x00000004   Data   RW          294    .data               obstacle_avoid.o
    0x20000024   0x0800b4d4   0x00000001   Data   RW          318    .data               trace.o
    0x20000025   0x0800b4d5   0x00000003   PAD
    0x20000028   0x0800b4d8   0x00000010   Data   RW          340    .data               remote_ctr.o
    0x20000038   0x0800b4e8   0x00000004   Data   RW          384    .data               lcd.o
    0x2000003c   0x0800b4ec   0x00000024   Data   RW          421    .data               ps2.o
    0x20000060   0x0800b510   0x00000004   Data   RW          447    .data               delay.o
    0x20000064   0x0800b514   0x00000006   Data   RW          488    .data               usart.o
    0x2000006a   0x0800b51a   0x00000010   Data   RW          625    .data               stm32f4xx_rcc.o
    0x2000007a   0x0800b52a   0x00000002   PAD
    0x2000007c        -       0x0000000e   Zero   RW          382    .bss                lcd.o
    0x2000008a        -       0x00000009   Zero   RW          420    .bss                ps2.o
    0x20000093        -       0x000000c8   Zero   RW          487    .bss                usart.o
    0x2000015b   0x0800b52a   0x00000001   PAD
    0x2000015c        -       0x00000060   Zero   RW          836    .bss                c_w.l(libspace.o)
    0x200001bc   0x0800b52a   0x00000004   PAD
    0x200001c0        -       0x00000200   Zero   RW          516    HEAP                startup_stm32f40_41xxx.o
    0x200003c0        -       0x00000400   Zero   RW          515    STACK               startup_stm32f40_41xxx.o


==============================================================================

Image component sizes


      Code (inc. data)   RO Data    RW Data    ZI Data      Debug   Object Name

       488         28          0          0          0       1157   bluetooth_ctr.o
      2368        202          0          8          0       4477   car_control.o
       440         10          0          4          0       1980   delay.o
     19584        174       6080          4         14      22862   lcd.o
        64          4          0          0          0        519   led.o
        96          4          0          2          0     292418   main.o
       224         20          0          0          0       1809   misc.o
      1056         48          0          4          0       2741   obstacle_avoid.o
      1048         28          0         36          9       3851   ps2.o
       496         28          0         16          0        729   remote_ctr.o
        64         26        392          0       1536        828   startup_stm32f40_41xxx.o
       272         10          0          0          0       2279   stm32f4xx_exti.o
      1480         18         28          0          0       5634   stm32f4xx_fsmc.o
       660         44          0          0          0       4149   stm32f4xx_gpio.o
        26          0          0          0          0       1218   stm32f4xx_it.o
      1628         52          0         16          0      13020   stm32f4xx_rcc.o
       148         12          0          0          0       1841   stm32f4xx_syscfg.o
      3234         60          0          0          0      23004   stm32f4xx_tim.o
      1108         34          0          0          0       7872   stm32f4xx_usart.o
       528         46          0         20          0       1763   system_stm32f4xx.o
       488         20          0          1          0       1200   trace.o
       328         16          0          6        200       3294   usart.o

    ----------------------------------------------------------------------
     35832        884       6534        124       1760     398645   Object Totals
         0          0         32          0          0          0   (incl. Generated)
         4          0          2          7          1          0   (incl. Padding)

    ----------------------------------------------------------------------

      Code (inc. data)   RO Data    RW Data    ZI Data      Debug   Library Member Name

         8          0          0          0          0         68   __main.o
       284          0          0          0          0        156   __printf_wp.o
         0          0          0          0          0          0   __rtentry.o
        12          0          0          0          0          0   __rtentry2.o
         6          0          0          0          0          0   __rtentry4.o
        52          8          0          0          0          0   __scatter.o
        26          0          0          0          0          0   __scatter_copy.o
        28          0          0          0          0          0   __scatter_zi.o
        48          6          0          0          0         96   _printf_char_common.o
        36          4          0          0          0         80   _printf_char_file.o
         6          0          0          0          0          0   _printf_d.o
       120         16          0          0          0         92   _printf_dec.o
        88          4         40          0          0         88   _printf_hex_int.o
       178          0          0          0          0         88   _printf_intcommon.o
        78          0          0          0          0        108   _printf_pad.o
         0          0          0          0          0          0   _printf_percent.o
         4          0          0          0          0          0   _printf_percent_end.o
         6          0          0          0          0          0   _printf_x.o
        10          0          0          0          0         68   _sputc.o
        18          0          0          0          0         80   exit.o
         8          0          0          0          0         68   ferror.o
         6          0          0          0          0        152   heapauxi.o
         2          0          0          0          0          0   libinit.o
         6          0          0          0          0          0   libinit2.o
         2          0          0          0          0          0   libshutdown.o
         2          0          0          0          0          0   libshutdown2.o
         8          4          0          0         96         68   libspace.o
        24          4          0          0          0         84   noretval__2printf.o
        40          6          0          0          0         84   noretval__2sprintf.o
         2          0          0          0          0          0   rtexit.o
        10          0          0          0          0          0   rtexit2.o
        74          0          0          0          0         80   sys_stackheap_outer.o
         2          0          0          0          0         68   use_no_semi.o
         2          0          0          0          0         68   use_no_semi_2.o
        98          4          0          0          0        140   d2f.o
       826         16          0          0          0        492   daddsub_clz.o
       688        140          0          0          0        256   ddiv.o
        94          4          0          0          0        140   dfix.o
        90          4          0          0          0        140   dfixu.o
        84          0          0          0          0        232   dflt_clz.o
       340         12          0          0          0        152   dmul.o
       156          4          0          0          0        140   dnaninf.o
        12          0          0          0          0        116   dretinf.o
        86          4          0          0          0        132   f2d.o
       140          4          0          0          0        132   fnaninf.o
        10          0          0          0          0        116   fpinit.o
        10          0          0          0          0        116   fretinf.o
         0          0          0          0          0          0   usenofp.o

    ----------------------------------------------------------------------
      3850        244         40          0        100       3900   Library Totals
        20          0          0          0          4          0   (incl. Padding)

    ----------------------------------------------------------------------

      Code (inc. data)   RO Data    RW Data    ZI Data      Debug   Library Name

      1196         52         40          0         96       1596   c_w.l
      2634        192          0          0          0       2304   fz_wm.l

    ----------------------------------------------------------------------
      3850        244         40          0        100       3900   Library Totals

    ----------------------------------------------------------------------

==============================================================================


      Code (inc. data)   RO Data    RW Data    ZI Data      Debug   

     39682       1128       6574        124       1860     395765   Grand Totals
     39682       1128       6574        124       1860     395765   ELF Image Totals
     39682       1128       6574        124          0          0   ROM Totals

==============================================================================

    Total RO  Size (Code + RO Data)                46256 (  45.17kB)
    Total RW  Size (RW Data + ZI Data)              1984 (   1.94kB)
    Total ROM Size (Code + RO Data + RW Data)      46380 (  45.29kB)

==============================================================================

